 farsight

 Timestamp is 63f4e8a2 (Tue Feb 21 16:52:02 2023)

 Preferred load address is 0000000180000000

 Start         Length     Name                   Class
 0001:00000000 00000070H .text$di                CODE
 0001:00000070 000198b0H .text$mn                CODE
 0001:00019920 00000040H .text$mn$00             CODE
 0001:00019960 000006b0H .text$x                 CODE
 0001:0001a010 000000d3H .text$yd                CODE
 0002:00000000 000003e0H .idata$5                DATA
 0002:000003e0 00000038H .00cfg                  DATA
 0002:00000418 00000008H .CRT$XCA                DATA
 0002:00000420 00000018H .CRT$XCU                DATA
 0002:00000438 00000008H .CRT$XCZ                DATA
 0002:00000440 00000008H .CRT$XIA                DATA
 0002:00000448 00000020H .CRT$XIC                DATA
 0002:00000468 00000008H .CRT$XIZ                DATA
 0002:00000470 00000008H .CRT$XPA                DATA
 0002:00000478 00000010H .CRT$XPX                DATA
 0002:00000488 00000008H .CRT$XPXA               DATA
 0002:00000490 00000008H .CRT$XPZ                DATA
 0002:00000498 00000008H .CRT$XTA                DATA
 0002:000004a0 00000010H .CRT$XTZ                DATA
 0002:000004a8 00000000H .gehcont$y              DATA
 0002:000004a8 00000000H .gfids$y                DATA
 0002:000004b0 000080d0H .rdata                  DATA
 0002:00008580 00000000H .rdata$CastGuardVftablesA DATA
 0002:00008580 00000000H .rdata$CastGuardVftablesC DATA
 0002:00008580 000003fcH .rdata$r                DATA
 0002:0000897c 00000118H .rdata$voltmd           DATA
 0002:00008a94 000003a4H .rdata$zzzdbg           DATA
 0002:00008e38 00000008H .rtc$IAA                DATA
 0002:00008e40 00000008H .rtc$IZZ                DATA
 0002:00008e48 00000008H .rtc$TAA                DATA
 0002:00008e50 00000008H .rtc$TZZ                DATA
 0002:00008e58 00001948H .xdata                  DATA
 0002:0000a7a0 000002a0H .xdata$x                DATA
 0002:0000aa40 00000054H .edata                  DATA
 0002:0000aa94 0000003cH .idata$2                DATA
 0002:0000aad0 00000018H .idata$3                DATA
 0002:0000aae8 000003e0H .idata$4                DATA
 0002:0000aec8 000009caH .idata$6                DATA
 0003:00000000 00000a40H .data                   DATA
 0003:00000a40 00000170H .data$r                 DATA
 0003:00000bb0 00000020H .data$rs                DATA
 0003:00000bd0 00005d7cH .bss                    DATA
 0004:00000000 000018e4H .pdata                  DATA
 0005:00000000 0000015cH _RDATA                  DATA
 0006:00000000 00000060H .rsrc$01                DATA
 0006:00000060 00000180H .rsrc$02                DATA

  Address         Publics by Value              Rva+Base               Lib:Object

 0000:00000000       __AbsoluteZero             0000000000000000     <absolute>
 0000:00000000       ___safe_se_handler_count   0000000000000000     <absolute>
 0000:00000000       ___safe_se_handler_table   0000000000000000     <absolute>
 0000:00000000       __arm64x_extra_rfe_table   0000000000000000     <absolute>
 0000:00000000       __arm64x_extra_rfe_table_size 0000000000000000     <absolute>
 0000:00000000       __arm64x_native_entrypoint 0000000000000000     <absolute>
 0000:00000000       __arm64x_redirection_metadata 0000000000000000     <absolute>
 0000:00000000       __arm64x_redirection_metadata_count 0000000000000000     <absolute>
 0000:00000000       __dynamic_value_reloc_table 0000000000000000     <absolute>
 0000:00000000       __enclave_config           0000000000000000     <absolute>
 0000:00000000       __guard_check_icall_a64n_fptr 0000000000000000     <absolute>
 0000:00000000       __guard_eh_cont_count      0000000000000000     <absolute>
 0000:00000000       __guard_eh_cont_table      0000000000000000     <absolute>
 0000:00000000       __guard_fids_count         0000000000000000     <absolute>
 0000:00000000       __guard_fids_table         0000000000000000     <absolute>
 0000:00000000       __guard_iat_count          0000000000000000     <absolute>
 0000:00000000       __guard_iat_table          0000000000000000     <absolute>
 0000:00000000       __guard_longjmp_count      0000000000000000     <absolute>
 0000:00000000       __guard_longjmp_table      0000000000000000     <absolute>
 0000:00000000       __hybrid_auxiliary_iat     0000000000000000     <absolute>
 0000:00000000       __hybrid_auxiliary_iat_copy 0000000000000000     <absolute>
 0000:00000000       __hybrid_code_map          0000000000000000     <absolute>
 0000:00000000       __hybrid_code_map_count    0000000000000000     <absolute>
 0000:00000000       __x64_code_ranges_to_entry_points 0000000000000000     <absolute>
 0000:00000000       __x64_code_ranges_to_entry_points_count 0000000000000000     <absolute>
 0000:00000100       __guard_flags              0000000000000100     <absolute>
 0000:00000000       __ImageBase                0000000180000000     <linker-defined>
 0001:00000070       ?what@exception@stdext@@UEBAPEBDXZ 0000000180001070 f i GameObject.obj
 0001:00000090       ?_Raise@exception@stdext@@QEBAXXZ 0000000180001090 f i GameObject.obj
 0001:000000d0       ?_Doraise@exception@stdext@@MEBAXXZ 00000001800010d0 f i GameObject.obj
 0001:000000d0       _guard_check_icall_nop     00000001800010d0 f i LIBCMT:guard_support.obj
 0001:000000e0       ??_Ebad_array_new_length@stdext@@UEAAPEAXI@Z 00000001800010e0 f i * CIL library *:* CIL module *
 0001:000000e0       ??_Eexception@stdext@@UEAAPEAXI@Z 00000001800010e0 f i * CIL library *:* CIL module *
 0001:000000e0       ??_Eruntime_error@std@@UEAAPEAXI@Z 00000001800010e0 f i * CIL library *:* CIL module *
 0001:000000e0       ??_Gbad_array_new_length@stdext@@UEAAPEAXI@Z 00000001800010e0 f i GameObject.obj
 0001:000000e0       ??_Gexception@stdext@@UEAAPEAXI@Z 00000001800010e0 f i GameObject.obj
 0001:000000e0       ??_Gruntime_error@std@@UEAAPEAXI@Z 00000001800010e0 f i Farsight.obj
 0001:00000110       ?_Doraise@bad_alloc@stdext@@MEBAXXZ 0000000180001110 f i GameObject.obj
 0001:00000110       ?_Doraise@runtime_error@std@@MEBAXXZ 0000000180001110 f i Farsight.obj
 0001:00000130       ??0bad_array_new_length@stdext@@QEAA@XZ 0000000180001130 f i GameObject.obj
 0001:00000150       ?_Throw_bad_array_new_length@std@@YAXXZ 0000000180001150 f i GameObject.obj
 0001:00000170       ?_Xlen_string@std@@YAXXZ   0000000180001170 f i GameObject.obj
 0001:00000190       ??1Error@Napi@@QEAA@XZ     0000000180001190 f i GameObject.obj
 0001:00000210       ?New@Boolean@Napi@@SA?AV12@PEAUnapi_env__@@_N@Z 0000000180001210 f i GameObject.obj
 0001:00000300       ?New@Number@Napi@@SA?AV12@PEAUnapi_env__@@N@Z 0000000180001300 f i GameObject.obj
 0001:000003f0       ?New@String@Napi@@SA?AV12@PEAUnapi_env__@@AEBV?$basic_string@DU?$char_traits@D@std@@V?$allocator@D@2@@std@@@Z 00000001800013f0 f i GameObject.obj
 0001:000004f0       ?New@String@Napi@@SA?AV12@PEAUnapi_env__@@PEBD@Z 00000001800014f0 f i GameObject.obj
 0001:00000650       ?New@Object@Napi@@SA?AV12@PEAUnapi_env__@@@Z 0000000180001650 f i GameObject.obj
 0001:00000740       ?New@Error@Napi@@SA?AV12@PEAUnapi_env__@@@Z 0000000180001740 f i GameObject.obj
 0001:000009e0       ??0Error@Napi@@QEAA@PEAUnapi_env__@@PEAUnapi_value__@@@Z 00000001800019e0 f i GameObject.obj
 0001:00000b40       ?Value@Error@Napi@@QEBA?AVObject@2@XZ 0000000180001b40 f i GameObject.obj
 0001:00000d90       ?ThrowAsJavaScriptException@Error@Napi@@QEBAXXZ 0000000180001d90 f i GameObject.obj
 0001:00000ee0       ?LoadFromMemory@GameObject@@UEAAXKPEAX_N@Z 0000000180001ee0 f   GameObject.obj
 0001:000011e0       ?ToNapiObject@GameObject@@QEAA?AVObject@Napi@@VEnv@3@@Z 00000001800021e0 f   GameObject.obj
 0001:000019f0       ?assign@?$basic_string@DU?$char_traits@D@std@@V?$allocator@D@2@@std@@QEAAAEAV12@QEBD_K@Z 00000001800029f0 f i GameObject.obj
 0001:00001b60       ??$New@VTypeError@Napi@@@Error@Napi@@KA?AVTypeError@1@PEAUnapi_env__@@PEBD_KP6A?AW4napi_status@@0PEAUnapi_value__@@3PEAPEAU5@@Z@Z 0000000180002b60 f i GameObject.obj
 0001:00001cf0       ??$Set@M@Object@Napi@@QEBA_NPEBDAEBM@Z 0000000180002cf0 f i GameObject.obj
 0001:00001df0       ??$_Resize@U_Value_init_tag@std@@@?$vector@DV?$allocator@D@std@@@std@@AEAAX_KAEBU_Value_init_tag@1@@Z 0000000180002df0 f i GameObject.obj
 0001:00001f80       ??$_Construct@$00PEBD@?$basic_string@DU?$char_traits@D@std@@V?$allocator@D@2@@std@@AEAAXQEBD_K@Z 0000000180002f80 f i GameObject.obj
 0001:00002090       ?New@?$TypedArrayOf@M@Napi@@SA?AV12@PEAUnapi_env__@@_KVArrayBuffer@2@1W4napi_typedarray_type@@@Z 0000000180003090 f i GameObject.obj
 0001:000022a0       ?_Xlength@?$vector@DV?$allocator@D@std@@@std@@CAXXZ 00000001800032a0 f i GameObject.obj
 0001:000022a0       ?_Xlength@?$vector@V?$shared_ptr@VGameObject@@@std@@V?$allocator@V?$shared_ptr@VGameObject@@@std@@@2@@std@@CAXXZ 00000001800032a0 f i Farsight.obj
 0001:000022c0       ??0?$TypedArrayOf@E@Napi@@QEAA@PEAUnapi_env__@@PEAUnapi_value__@@@Z 00000001800032c0 f i GameObject.obj
 0001:000024d0       ??0exception@stdext@@QEAA@AEBV01@@Z 00000001800034d0 f i Farsight.obj
 0001:000024f0       ?_Throw_tree_length_error@std@@YAXXZ 00000001800034f0 f i Farsight.obj
 0001:00002510       ?_Get_deleter@_Ref_count_base@std@@UEBAPEAXAEBVtype_info@@@Z 0000000180003510 f i Farsight.obj
 0001:00002520       ??0WinApiException@@QEAA@PEBD@Z 0000000180003520 f i Farsight.obj
 0001:00002570       ??_EWinApiException@@UEAAPEAXI@Z 0000000180003570 f i * CIL library *:* CIL module *
 0001:00002570       ??_GWinApiException@@UEAAPEAXI@Z 0000000180003570 f i Farsight.obj
 0001:000025a0       ??1WinApiException@@UEAA@XZ 00000001800035a0 f i Farsight.obj
 0001:000025b0       ??0Farsight@@QEAA@XZ       00000001800035b0 f   Farsight.obj
 0001:00002a40       ?HookToProcess@Farsight@@QEAAXXZ 0000000180003a40 f   Farsight.obj
 0001:00002c90       ??0WinApiException@@QEAA@AEBV0@@Z 0000000180003c90 f i Farsight.obj
 0001:00002cc0       ??0runtime_error@std@@QEAA@AEBV01@@Z 0000000180003cc0 f i Farsight.obj
 0001:00002ce0       ?ClearMissingObjects@Farsight@@AEAAXAEAUSnapshot@@@Z 0000000180003ce0 f   Farsight.obj
 0001:00002e90       ?ReadObjects@Farsight@@AEAAXAEAUSnapshot@@@Z 0000000180003e90 f   Farsight.obj
 0001:00004220       ??1?$deque@HV?$allocator@H@std@@@std@@QEAA@XZ 0000000180005220 f i Farsight.obj
 0001:000042f0       ??A?$map@HV?$shared_ptr@VGameObject@@@std@@U?$less@H@2@V?$allocator@U?$pair@$$CBHV?$shared_ptr@VGameObject@@@std@@@std@@@2@@std@@QEAAAEAV?$shared_ptr@VGameObject@@@1@$$QEAH@Z 00000001800052f0 f i Farsight.obj
 0001:000043e0       ?clear@?$vector@V?$shared_ptr@VGameObject@@@std@@V?$allocator@V?$shared_ptr@VGameObject@@@std@@@2@@std@@QEAAXXZ 00000001800053e0 f i Farsight.obj
 0001:00004470       ??$_Erase_tree@V?$allocator@U?$_Tree_node@HPEAX@std@@@std@@@?$_Tree_val@U?$_Tree_simple_types@H@std@@@std@@QEAAXAEAV?$allocator@U?$_Tree_node@HPEAX@std@@@1@PEAU?$_Tree_node@HPEAX@1@@Z 0000000180005470 f i Farsight.obj
 0001:000044d0       ?_Delete_this@?$_Ref_count@VGameObject@@@std@@EEAAXXZ 00000001800054d0 f i Farsight.obj
 0001:000044f0       ?_Destroy@?$_Ref_count@VGameObject@@@std@@EEAAXXZ 00000001800054f0 f i Farsight.obj
 0001:00004500       ?_Growmap@?$deque@HV?$allocator@H@std@@@std@@AEAAX_K@Z 0000000180005500 f i Farsight.obj
 0001:000046e0       ?_Insert_node@?$_Tree_val@U?$_Tree_simple_types@H@std@@@std@@QEAAPEAU?$_Tree_node@HPEAX@2@U?$_Tree_id@PEAU?$_Tree_node@HPEAX@std@@@2@QEAU32@@Z 00000001800056e0 f i Farsight.obj
 0001:000046e0       ?_Insert_node@?$_Tree_val@U?$_Tree_simple_types@U?$pair@$$CBFH@std@@@std@@@std@@QEAAPEAU?$_Tree_node@U?$pair@$$CBFH@std@@PEAX@2@U?$_Tree_id@PEAU?$_Tree_node@U?$pair@$$CBFH@std@@PEAX@std@@@2@QEAU32@@Z 00000001800056e0 f i Farsight.obj
 0001:000046e0       ?_Insert_node@?$_Tree_val@U?$_Tree_simple_types@U?$pair@$$CBHV?$shared_ptr@VGameObject@@@std@@@std@@@std@@@std@@QEAAPEAU?$_Tree_node@U?$pair@$$CBHV?$shared_ptr@VGameObject@@@std@@@std@@PEAX@2@U?$_Tree_id@PEAU?$_Tree_node@U?$pair@$$CBHV?$shared_ptr@VGameObject@@@std@@@std@@PEAX@std@@@2@QEAU32@@Z 00000001800056e0 f i Farsight.obj
 0001:000046e0       ?_Insert_node@?$_Tree_val@U?$_Tree_simple_types@V?$basic_string@DU?$char_traits@D@std@@V?$allocator@D@2@@std@@@std@@@std@@QEAAPEAU?$_Tree_node@V?$basic_string@DU?$char_traits@D@std@@V?$allocator@D@2@@std@@PEAX@2@U?$_Tree_id@PEAU?$_Tree_node@V?$basic_string@DU?$char_traits@D@std@@V?$allocator@D@2@@std@@PEAX@std@@@2@QEAU32@@Z 00000001800056e0 f i Farsight.obj
 0001:00004940       ??_GGameObject@@QEAAPEAXI@Z 0000000180005940 f i Farsight.obj
 0001:00004a00       ??_E?$_Ref_count@VGameObject@@@std@@UEAAPEAXI@Z 0000000180005a00 f i * CIL library *:* CIL module *
 0001:00004a00       ??_G?$_Ref_count@VGameObject@@@std@@UEAAPEAXI@Z 0000000180005a00 f i Farsight.obj
 0001:00004a30       ?_Xlen@?$deque@HV?$allocator@H@std@@@std@@AEBAXXZ 0000000180005a30 f i Farsight.obj
 0001:00004a50       ?_Extract@?$_Tree_val@U?$_Tree_simple_types@U?$pair@$$CBHV?$shared_ptr@VGameObject@@@std@@@std@@@std@@@std@@QEAAPEAU?$_Tree_node@U?$pair@$$CBHV?$shared_ptr@VGameObject@@@std@@@std@@PEAX@2@V?$_Tree_unchecked_const_iterator@V?$_Tree_val@U?$_Tree_simple_types@U?$pair@$$CBHV?$shared_ptr@VGameObject@@@std@@@std@@@std@@@std@@U_Iterator_base0@2@@2@@Z 0000000180005a50 f i Farsight.obj
 0001:00004f30       ??$_Emplace@V?$basic_string@DU?$char_traits@D@std@@V?$allocator@D@2@@std@@@?$_Tree@V?$_Tset_traits@V?$basic_string@DU?$char_traits@D@std@@V?$allocator@D@2@@std@@U?$less@V?$basic_string@DU?$char_traits@D@std@@V?$allocator@D@2@@std@@@2@V?$allocator@V?$basic_string@DU?$char_traits@D@std@@V?$allocator@D@2@@std@@@2@$0A@@std@@@std@@IEAA?AU?$pair@PEAU?$_Tree_node@V?$basic_string@DU?$char_traits@D@std@@V?$allocator@D@2@@std@@PEAX@std@@_N@1@$$QEAV?$basic_string@DU?$char_traits@D@std@@V?$allocator@D@2@@1@@Z 0000000180005f30 f i Farsight.obj
 0001:00005100       ??$_Erase_tree@V?$allocator@U?$_Tree_node@V?$basic_string@DU?$char_traits@D@std@@V?$allocator@D@2@@std@@PEAX@std@@@std@@@?$_Tree_val@U?$_Tree_simple_types@V?$basic_string@DU?$char_traits@D@std@@V?$allocator@D@2@@std@@@std@@@std@@QEAAXAEAV?$allocator@U?$_Tree_node@V?$basic_string@DU?$char_traits@D@std@@V?$allocator@D@2@@std@@PEAX@std@@@1@PEAU?$_Tree_node@V?$basic_string@DU?$char_traits@D@std@@V?$allocator@D@2@@std@@PEAX@1@@Z 0000000180006100 f i Farsight.obj
 0001:000051c0       ??$_Emplace_reallocate@AEBV?$shared_ptr@VGameObject@@@std@@@?$vector@V?$shared_ptr@VGameObject@@@std@@V?$allocator@V?$shared_ptr@VGameObject@@@std@@@2@@std@@AEAAPEAV?$shared_ptr@VGameObject@@@1@QEAV21@AEBV21@@Z 00000001800061c0 f i Farsight.obj
 0001:00005450       __local_stdio_printf_options 0000000180006450 f i Utils.obj
 0001:00005460       ?ToLower@Character@@YA?AV?$basic_string@DU?$char_traits@D@std@@V?$allocator@D@2@@std@@V23@@Z 0000000180006460 f   Utils.obj
 0001:00005580       ??$_Reallocate_grow_by@V<lambda_e1befb086ad3257e3f042a63030725f7>@@_KD@?$basic_string@DU?$char_traits@D@std@@V?$allocator@D@2@@std@@AEAAAEAV01@_KV<lambda_e1befb086ad3257e3f042a63030725f7>@@_KD@Z 0000000180006580 f i Utils.obj
 0001:00005700       ?Int32Value@Number@Napi@@QEBAHXZ 0000000180006700 f i index.obj
 0001:000057f0       ?Utf8Value@String@Napi@@QEBA?AV?$basic_string@DU?$char_traits@D@std@@V?$allocator@D@2@@std@@XZ 00000001800067f0 f i index.obj
 0001:00005ab0       ?New@Array@Napi@@SA?AV12@PEAUnapi_env__@@_K@Z 0000000180006ab0 f i index.obj
 0001:00005ba0       ??0CallbackInfo@Napi@@QEAA@PEAUnapi_env__@@PEAUnapi_callback_info__@@@Z 0000000180006ba0 f i index.obj
 0001:00005d70       ??ACallbackInfo@Napi@@QEBA?BVValue@1@_K@Z 0000000180006d70 f i index.obj
 0001:00005e90       ?ToNapiObject@Snapshot@@QEAA?AVObject@Napi@@VEnv@3@@Z 0000000180006e90 f i index.obj
 0001:00006a30       ?makeSnapshot@@YA?AVObject@Napi@@AEBVCallbackInfo@2@@Z 0000000180007a30 f   index.obj
 0001:00006e70       ??1Snapshot@@QEAA@XZ       0000000180007e70 f i index.obj
 0001:00007010       ?disconnectFromLeague@@YA?AVObject@Napi@@AEBVCallbackInfo@2@@Z 0000000180008010 f   index.obj
 0001:000070e0       ?connectToLeague@@YA?AVObject@Napi@@AEBVCallbackInfo@2@@Z 00000001800080e0 f   index.obj
 0001:000071a0       ?setOffsets@@YA?AVObject@Napi@@AEBVCallbackInfo@2@@Z 00000001800081a0 f   index.obj
 0001:000085a0       ?setChampionNames@@YA?AVNumber@Napi@@AEBVCallbackInfo@2@@Z 00000001800095a0 f   index.obj
 0001:00008810       ?Init@@YA?AVObject@Napi@@VEnv@2@V12@@Z 0000000180009810 f   index.obj
 0001:00008e80       ??1?$vector@V?$shared_ptr@VGameObject@@@std@@V?$allocator@V?$shared_ptr@VGameObject@@@std@@@2@@std@@QEAA@XZ 0000000180009e80 f i index.obj
 0001:00008f50       ??$Set@PEBD@Object@Napi@@QEBA_NPEBDAEBQEBD@Z 0000000180009f50 f i index.obj
 0001:00009050       ??$Set@VBoolean@Napi@@@Object@Napi@@QEBA_NPEBDAEBVBoolean@1@@Z 000000018000a050 f i index.obj
 0001:00009140       ??$New@P6A?AVObject@Napi@@AEBVCallbackInfo@2@@Z@Function@Napi@@SA?AV01@PEAUnapi_env__@@P6A?AVObject@1@AEBVCallbackInfo@1@@ZPEBDPEAX@Z 000000018000a140 f i index.obj
 0001:000092f0       ??$Set@VFunction@Napi@@@Object@Napi@@QEBA_NVValue@1@AEBVFunction@1@@Z 000000018000a2f0 f i index.obj
 0001:000093e0       ??$_Reallocate_grow_by@V<lambda_9013ee9e23efe4882b67eff5b0ecf103>@@$$V@?$basic_string@DU?$char_traits@D@std@@V?$allocator@D@2@@std@@AEAAAEAV01@_KV<lambda_9013ee9e23efe4882b67eff5b0ecf103>@@@Z 000000018000a3e0 f i index.obj
 0001:00009530       ?Wrapper@?$CallbackData@P6A?AVNumber@Napi@@AEBVCallbackInfo@2@@ZV12@@details@Napi@@SAPEAUnapi_value__@@PEAUnapi_env__@@PEAUnapi_callback_info__@@@Z 000000018000a530 f i index.obj
 0001:00009530       ?Wrapper@?$CallbackData@P6A?AVObject@Napi@@AEBVCallbackInfo@2@@ZV12@@details@Napi@@SAPEAUnapi_value__@@PEAUnapi_env__@@PEAUnapi_callback_info__@@@Z 000000018000a530 f i index.obj
 0001:00009590       ??$_Emplace@AEBV?$basic_string@DU?$char_traits@D@std@@V?$allocator@D@2@@std@@@?$_Tree@V?$_Tset_traits@V?$basic_string@DU?$char_traits@D@std@@V?$allocator@D@2@@std@@U?$less@V?$basic_string@DU?$char_traits@D@std@@V?$allocator@D@2@@std@@@2@V?$allocator@V?$basic_string@DU?$char_traits@D@std@@V?$allocator@D@2@@std@@@2@$0A@@std@@@std@@IEAA?AU?$pair@PEAU?$_Tree_node@V?$basic_string@DU?$char_traits@D@std@@V?$allocator@D@2@@std@@PEAX@std@@_N@1@AEBV?$basic_string@DU?$char_traits@D@std@@V?$allocator@D@2@@1@@Z 000000018000a590 f i index.obj
 0001:000097b0       ??$_Erase_tree@V?$allocator@U?$_Tree_node@U?$pair@$$CBFH@std@@PEAX@std@@@std@@@?$_Tree_val@U?$_Tree_simple_types@U?$pair@$$CBFH@std@@@std@@@std@@QEAAXAEAV?$allocator@U?$_Tree_node@U?$pair@$$CBFH@std@@PEAX@std@@@1@PEAU?$_Tree_node@U?$pair@$$CBFH@std@@PEAX@1@@Z 000000018000a7b0 f i index.obj
 0001:00009810       ??$_Erase_tree@V?$allocator@U?$_Tree_node@U?$pair@$$CBHV?$shared_ptr@VGameObject@@@std@@@std@@PEAX@std@@@std@@@?$_Tree_val@U?$_Tree_simple_types@U?$pair@$$CBHV?$shared_ptr@VGameObject@@@std@@@std@@@std@@@std@@QEAAXAEAV?$allocator@U?$_Tree_node@U?$pair@$$CBHV?$shared_ptr@VGameObject@@@std@@@std@@PEAX@std@@@1@PEAU?$_Tree_node@U?$pair@$$CBHV?$shared_ptr@VGameObject@@@std@@@std@@PEAX@1@@Z 000000018000a810 f i index.obj
 0001:000098c0       ??$?0AEBV?$basic_string@DU?$char_traits@D@std@@V?$allocator@D@2@@std@@@?$_Tree_temp_node@V?$allocator@U?$_Tree_node@V?$basic_string@DU?$char_traits@D@std@@V?$allocator@D@2@@std@@PEAX@std@@@std@@@std@@QEAA@AEAV?$allocator@U?$_Tree_node@V?$basic_string@DU?$char_traits@D@std@@V?$allocator@D@2@@std@@PEAX@std@@@1@PEAU?$_Tree_node@V?$basic_string@DU?$char_traits@D@std@@V?$allocator@D@2@@std@@PEAX@1@AEBV?$basic_string@DU?$char_traits@D@std@@V?$allocator@D@2@@1@@Z 000000018000a8c0 f i index.obj
 0001:00009a40       ?<lambda_invoker_cdecl>@<lambda_83e25c7fbe952525d76116d1c9ddccbf>@@CA@PEAUnapi_env__@@PEAX1@Z 000000018000aa40 f i index.obj
 0001:00009a40       ?<lambda_invoker_cdecl>@<lambda_dc92d714a223d25e17d11e0b065fbcff>@@CA@PEAUnapi_env__@@PEAX1@Z 000000018000aa40 f i index.obj
 0001:00009a60       __security_check_cookie    000000018000aa60 f   LIBCMT:amdsecgs.obj
 0001:00009a80       ??2@YAPEAX_K@Z             000000018000aa80 f   LIBCMT:new_scalar.obj
 0001:00009abc       ??3@YAXPEAX_K@Z            000000018000aabc f   LIBCMT:delete_scalar_size.obj
 0001:00009abc       ??_V@YAXPEAX@Z             000000018000aabc f   LIBCMT:delete_array.obj
 0001:00009ac4       __scrt_acquire_startup_lock 000000018000aac4 f   LIBCMT:utility.obj
 0001:00009b00       __scrt_dllmain_after_initialize_c 000000018000ab00 f   LIBCMT:utility.obj
 0001:00009b34       __scrt_dllmain_before_initialize_c 000000018000ab34 f   LIBCMT:utility.obj
 0001:00009b4c       __scrt_dllmain_crt_thread_attach 000000018000ab4c f   LIBCMT:utility.obj
 0001:00009b74       __scrt_dllmain_crt_thread_detach 000000018000ab74 f   LIBCMT:utility.obj
 0001:00009b8c       __scrt_dllmain_exception_filter 000000018000ab8c f   LIBCMT:utility.obj
 0001:00009bec       __scrt_dllmain_uninitialize_c 000000018000abec f   LIBCMT:utility.obj
 0001:00009c1c       __scrt_dllmain_uninitialize_critical 000000018000ac1c f   LIBCMT:utility.obj
 0001:00009c30       __scrt_initialize_crt      000000018000ac30 f   LIBCMT:utility.obj
 0001:00009c7c       __scrt_initialize_onexit_tables 000000018000ac7c f   LIBCMT:utility.obj
 0001:00009d08       __scrt_is_nonwritable_in_current_image 000000018000ad08 f   LIBCMT:utility.obj
 0001:00009da0       __scrt_release_startup_lock 000000018000ada0 f   LIBCMT:utility.obj
 0001:00009dc4       __scrt_uninitialize_crt    000000018000adc4 f   LIBCMT:utility.obj
 0001:00009df0       _onexit                    000000018000adf0 f   LIBCMT:utility.obj
 0001:00009e2c       atexit                     000000018000ae2c f   LIBCMT:utility.obj
 0001:00009e44       ??_Etype_info@@UEAAPEAXI@Z 000000018000ae44 f i LIBCMT:std_type_info_static.obj
 0001:00009e44       ??_Gtype_info@@UEAAPEAXI@Z 000000018000ae44 f i LIBCMT:std_type_info_static.obj
 0001:00009e70       ??_U@YAPEAX_K@Z            000000018000ae70 f   LIBCMT:new_array.obj
 0001:0000a198       _DllMainCRTStartup         000000018000b198 f   LIBCMT:dll_dllmain.obj
 0001:0000a1d8       __raise_securityfailure    000000018000b1d8 f   LIBCMT:gs_report.obj
 0001:0000a20c       __report_gsfailure         000000018000b20c f   LIBCMT:gs_report.obj
 0001:0000a2e0       __report_rangecheckfailure 000000018000b2e0 f   LIBCMT:gs_report.obj
 0001:0000a2f4       __report_securityfailure   000000018000b2f4 f   LIBCMT:gs_report.obj
 0001:0000a474       ??0bad_alloc@std@@QEAA@AEBV01@@Z 000000018000b474 f i LIBCMT:throw_bad_alloc.obj
 0001:0000a4b0       ??0bad_alloc@std@@QEAA@XZ  000000018000b4b0 f i LIBCMT:throw_bad_alloc.obj
 0001:0000a4d0       ??0bad_array_new_length@std@@QEAA@AEBV01@@Z 000000018000b4d0 f i LIBCMT:throw_bad_alloc.obj
 0001:0000a50c       ??0bad_array_new_length@std@@QEAA@XZ 000000018000b50c f i LIBCMT:throw_bad_alloc.obj
 0001:0000a52c       ??0exception@std@@QEAA@AEBV01@@Z 000000018000b52c f i LIBCMT:throw_bad_alloc.obj
 0001:0000a560       ??1bad_alloc@std@@UEAA@XZ  000000018000b560 f i LIBCMT:throw_bad_alloc.obj
 0001:0000a560       ??1bad_array_new_length@std@@UEAA@XZ 000000018000b560 f i LIBCMT:throw_bad_alloc.obj
 0001:0000a560       ??1bad_exception@std@@UEAA@XZ 000000018000b560 f i libvcruntime:frame.obj
 0001:0000a560       ??1length_error@std@@UEAA@XZ 000000018000b560 f i libcpmt:xthrow.obj
 0001:0000a574       ??_Ebad_alloc@std@@UEAAPEAXI@Z 000000018000b574 f i LIBCMT:throw_bad_alloc.obj
 0001:0000a574       ??_Ebad_array_new_length@std@@UEAAPEAXI@Z 000000018000b574 f i LIBCMT:throw_bad_alloc.obj
 0001:0000a574       ??_Ebad_exception@std@@UEAAPEAXI@Z 000000018000b574 f i libvcruntime:frame.obj
 0001:0000a574       ??_Eexception@std@@UEAAPEAXI@Z 000000018000b574 f i LIBCMT:throw_bad_alloc.obj
 0001:0000a574       ??_Elength_error@std@@UEAAPEAXI@Z 000000018000b574 f i libcpmt:xthrow.obj
 0001:0000a574       ??_Elogic_error@std@@UEAAPEAXI@Z 000000018000b574 f i libcpmt:xthrow.obj
 0001:0000a574       ??_Gbad_alloc@std@@UEAAPEAXI@Z 000000018000b574 f i LIBCMT:throw_bad_alloc.obj
 0001:0000a574       ??_Gbad_array_new_length@std@@UEAAPEAXI@Z 000000018000b574 f i LIBCMT:throw_bad_alloc.obj
 0001:0000a574       ??_Gbad_exception@std@@UEAAPEAXI@Z 000000018000b574 f i libvcruntime:frame.obj
 0001:0000a574       ??_Gexception@std@@UEAAPEAXI@Z 000000018000b574 f i LIBCMT:throw_bad_alloc.obj
 0001:0000a574       ??_Glength_error@std@@UEAAPEAXI@Z 000000018000b574 f i libcpmt:xthrow.obj
 0001:0000a574       ??_Glogic_error@std@@UEAAPEAXI@Z 000000018000b574 f i libcpmt:xthrow.obj
 0001:0000a5b8       ?__scrt_throw_std_bad_alloc@@YAXXZ 000000018000b5b8 f   LIBCMT:throw_bad_alloc.obj
 0001:0000a5d8       ?__scrt_throw_std_bad_array_new_length@@YAXXZ 000000018000b5d8 f   LIBCMT:throw_bad_alloc.obj
 0001:0000a5f8       ?what@exception@std@@UEBAPEBDXZ 000000018000b5f8 f i LIBCMT:throw_bad_alloc.obj
 0001:0000a60c       ??3@YAXPEAX@Z              000000018000b60c f   LIBCMT:delete_scalar.obj
 0001:0000a614       __isa_available_init       000000018000b614 f   LIBCMT:cpu_disp.obj
 0001:0000a7c0       DllMain                    000000018000b7c0 f   LIBCMT:dll_dllmain_stub.obj
 0001:0000a7c0       _get_startup_argv_mode     000000018000b7c0 f   LIBCMT:argv_mode.obj
 0001:0000a7c8       __scrt_is_ucrt_dll_in_use  000000018000b7c8 f   LIBCMT:ucrt_detection.obj
 0001:0000a7d4       __crt_debugger_hook        000000018000b7d4 f   LIBCMT:utility_desktop.obj
 0001:0000a7dc       __scrt_fastfail            000000018000b7dc f   LIBCMT:utility_desktop.obj
 0001:0000a928       __security_init_cookie     000000018000b928 f   LIBCMT:gs_support.obj
 0001:0000a9d4       ?__scrt_initialize_type_info@@YAXXZ 000000018000b9d4 f   LIBCMT:tncleanup.obj
 0001:0000a9e4       ?__scrt_uninitialize_type_info@@YAXXZ 000000018000b9e4 f   LIBCMT:tncleanup.obj
 0001:0000a9f0       __local_stdio_scanf_options 000000018000b9f0 f i LIBCMT:default_local_stdio_options.obj
 0001:0000a9f8       __scrt_initialize_default_local_stdio_options 000000018000b9f8 f   LIBCMT:default_local_stdio_options.obj
 0001:0000aa14       __scrt_get_dyn_tls_init_callback 000000018000ba14 f   LIBCMT:dyn_tls_init.obj
 0001:0000aa1c       _RTC_Initialize            000000018000ba1c f   LIBCMT:initsect.obj
 0001:0000aa58       _RTC_Terminate             000000018000ba58 f   LIBCMT:initsect.obj
 0001:0000aaa0       ??0length_error@std@@QEAA@AEBV01@@Z 000000018000baa0 f i libcpmt:xthrow.obj
 0001:0000aadc       ??0length_error@std@@QEAA@PEBD@Z 000000018000badc f i libcpmt:xthrow.obj
 0001:0000ab24       ??0logic_error@std@@QEAA@AEBV01@@Z 000000018000bb24 f i libcpmt:xthrow.obj
 0001:0000ab60       ?_Xlength_error@std@@YAXPEBD@Z 000000018000bb60 f   libcpmt:xthrow.obj
 0001:0000ab84       _Query_perf_counter        000000018000bb84 f   libcpmt:xtime.obj
 0001:0000aba0       _Query_perf_frequency      000000018000bba0 f   libcpmt:xtime.obj
 0001:0000ac30       __vcrt_initialize          000000018000bc30 f   libvcruntime:initialization.obj
 0001:0000ac58       __vcrt_thread_attach       000000018000bc58 f   libvcruntime:initialization.obj
 0001:0000ac6c       __vcrt_thread_detach       000000018000bc6c f   libvcruntime:initialization.obj
 0001:0000ac80       __vcrt_uninitialize        000000018000bc80 f   libvcruntime:initialization.obj
 0001:0000ac9c       __vcrt_uninitialize_critical 000000018000bc9c f   libvcruntime:initialization.obj
 0001:0000acac       __C_specific_handler       000000018000bcac f   libvcruntime:riscchandler.obj
 0001:0000aea4       __std_exception_copy       000000018000bea4 f   libvcruntime:std_exception.obj
 0001:0000af34       __std_exception_destroy    000000018000bf34 f   libvcruntime:std_exception.obj
 0001:0000af5c       _CxxThrowException         000000018000bf5c f   libvcruntime:throw.obj
 0001:0000affc       __DestructExceptionObject  000000018000bffc f   libvcruntime:ehhelpers.obj
 0001:0000b06c       ?_CallMemberFunction0@@YAXQEAX0@Z 000000018000c06c f i libvcruntime:ehhelpers.obj
 0001:0000b070       _IsExceptionObjectToBeDestroyed 000000018000c070 f   libvcruntime:ehhelpers.obj
 0001:0000b0a0       __AdjustPointer            000000018000c0a0 f   libvcruntime:ehhelpers.obj
 0001:0000b0c4       __FrameUnwindFilter        000000018000c0c4 f   libvcruntime:ehhelpers.obj
 0001:0000b12c       __std_terminate            000000018000c12c f   libvcruntime:ehhelpers.obj
 0001:0000b150       memset_repstos             000000018000c150 f   libvcruntime:memset.obj
 0001:0000b170       memset                     000000018000c170 f   libvcruntime:memset.obj
 0001:0000b4f8       __std_type_info_compare    000000018000c4f8 f   libvcruntime:std_type_info.obj
 0001:0000b520       __std_type_info_destroy_list 000000018000c520 f   libvcruntime:std_type_info.obj
 0001:0000b54c       __vcrt_freefls             000000018000c54c f   libvcruntime:per_thread_data.obj
 0001:0000b56c       __vcrt_freeptd             000000018000c56c f   libvcruntime:per_thread_data.obj
 0001:0000b5bc       __vcrt_getptd              000000018000c5bc f   libvcruntime:per_thread_data.obj
 0001:0000b5d8       __vcrt_getptd_noexit       000000018000c5d8 f   libvcruntime:per_thread_data.obj
 0001:0000b698       __vcrt_initialize_ptd      000000018000c698 f   libvcruntime:per_thread_data.obj
 0001:0000b6e0       __vcrt_uninitialize_ptd    000000018000c6e0 f   libvcruntime:per_thread_data.obj
 0001:0000b704       __vcrt_initialize_locks    000000018000c704 f   libvcruntime:locks.obj
 0001:0000b74c       __vcrt_uninitialize_locks  000000018000c74c f   libvcruntime:locks.obj
 0001:0000b7a0       _NLG_Notify                000000018000c7a0 f   libvcruntime:notify.obj
 0001:0000b7c0       __NLG_Dispatch2            000000018000c7c0 f   libvcruntime:notify.obj
 0001:0000b7d0       __NLG_Return2              000000018000c7d0 f   libvcruntime:notify.obj
 0001:0000b7d4       __except_validate_context_record 000000018000c7d4 f   libvcruntime:jbcxrval.obj
 0001:0000b95c       __vcrt_FlsAlloc            000000018000c95c f   libvcruntime:winapi_downlevel.obj
 0001:0000b9a4       __vcrt_FlsFree             000000018000c9a4 f   libvcruntime:winapi_downlevel.obj
 0001:0000b9ec       __vcrt_FlsGetValue         000000018000c9ec f   libvcruntime:winapi_downlevel.obj
 0001:0000ba34       __vcrt_FlsSetValue         000000018000ca34 f   libvcruntime:winapi_downlevel.obj
 0001:0000ba88       __vcrt_InitializeCriticalSectionEx 000000018000ca88 f   libvcruntime:winapi_downlevel.obj
 0001:0000baec       ??$_CallSETranslator@V__FrameHandler3@@@@YAHPEAUEHExceptionRecord@@PEA_KPEAU_CONTEXT@@PEAU_xDISPATCHER_CONTEXT@@PEBU_s_FuncInfo@@K1H@Z 000000018000caec f i libvcruntime:risctrnsctrl.obj
 0001:0000bb40       ??$_CallSETranslator@V__FrameHandler4@@@@YAHPEAUEHExceptionRecord@@PEA_KPEAU_CONTEXT@@PEAU_xDISPATCHER_CONTEXT@@PEAUFuncInfo4@FH4@@K1H@Z 000000018000cb40 f i libvcruntime:risctrnsctrl.obj
 0001:0000bb94       ?CatchTryBlock@__FrameHandler3@@SAPEBU_s_TryBlockMapEntry@@PEBU_s_FuncInfo@@H@Z 000000018000cb94 f   libvcruntime:risctrnsctrl.obj
 0001:0000bbf8       ?DecompFuncInfo@FH4@@YA_JPEAEAEAUFuncInfo4@1@_KH_N@Z 000000018000cbf8 f i libvcruntime:risctrnsctrl.obj
 0001:0000bd1c       ?ExecutionInCatch@__FrameHandler3@@SA_NPEAU_xDISPATCHER_CONTEXT@@PEBU_s_FuncInfo@@@Z 000000018000cd1c f   libvcruntime:risctrnsctrl.obj
 0001:0000bd48       ?ExecutionInCatch@__FrameHandler4@@SA_NPEAU_xDISPATCHER_CONTEXT@@PEAUFuncInfo4@FH4@@@Z 000000018000cd48 f   libvcruntime:risctrnsctrl.obj
 0001:0000bd50       ?FrameUnwindToEmptyState@__FrameHandler3@@SAXPEA_KPEAU_xDISPATCHER_CONTEXT@@PEBU_s_FuncInfo@@@Z 000000018000cd50 f   libvcruntime:risctrnsctrl.obj
 0001:0000bdb4       ?FrameUnwindToEmptyState@__FrameHandler4@@SAXPEA_KPEAU_xDISPATCHER_CONTEXT@@PEAUFuncInfo4@FH4@@@Z 000000018000cdb4 f   libvcruntime:risctrnsctrl.obj
 0001:0000bde8       ?GetEstablisherFrame@__FrameHandler3@@SAPEA_KPEA_KPEAU_xDISPATCHER_CONTEXT@@PEBU_s_FuncInfo@@0@Z 000000018000cde8 f   libvcruntime:risctrnsctrl.obj
 0001:0000beb4       ?GetEstablisherFrame@__FrameHandler4@@SAPEA_KPEA_KPEAU_xDISPATCHER_CONTEXT@@PEAUFuncInfo4@FH4@@0@Z 000000018000ceb4 f   libvcruntime:risctrnsctrl.obj
 0001:0000bed8       ?GetRangeOfTrysToCheck@__FrameHandler3@@SA?AU?$pair@Viterator@TryBlockMap@__FrameHandler3@@V123@@std@@AEAVTryBlockMap@1@HPEAU_xDISPATCHER_CONTEXT@@PEBU_s_FuncInfo@@H@Z 000000018000ced8 f   libvcruntime:risctrnsctrl.obj
 0001:0000c018       ?GetRangeOfTrysToCheck@__FrameHandler4@@SA?AU?$pair@Viterator@TryBlockMap4@FH4@@V123@@std@@AEAVTryBlockMap4@FH4@@HPEAU_xDISPATCHER_CONTEXT@@PEAUFuncInfo4@5@H@Z 000000018000d018 f   libvcruntime:risctrnsctrl.obj
 0001:0000c184       ?UnwindNestedFrames@__FrameHandler3@@SAXPEA_KPEAUEHExceptionRecord@@PEAU_CONTEXT@@0PEAXPEBU_s_FuncInfo@@HHPEBU_s_HandlerType@@PEAU_xDISPATCHER_CONTEXT@@E@Z 000000018000d184 f   libvcruntime:risctrnsctrl.obj
 0001:0000c288       ?UnwindNestedFrames@__FrameHandler4@@SAXPEA_KPEAUEHExceptionRecord@@PEAU_CONTEXT@@0PEAXPEAUFuncInfo4@FH4@@HHPEAUHandlerType4@5@PEAU_xDISPATCHER_CONTEXT@@E@Z 000000018000d288 f   libvcruntime:risctrnsctrl.obj
 0001:0000c3a8       ?setBuffer@TryBlockMap4@FH4@@QEAAXViterator@12@@Z 000000018000d3a8 f i libvcruntime:risctrnsctrl.obj
 0001:0000c56c       _CreateFrameInfo           000000018000d56c f   libvcruntime:risctrnsctrl.obj
 0001:0000c5a8       _FindAndUnlinkFrame        000000018000d5a8 f   libvcruntime:risctrnsctrl.obj
 0001:0000c5fc       _GetImageBase              000000018000d5fc f   libvcruntime:risctrnsctrl.obj
 0001:0000c610       _GetThrowImageBase         000000018000d610 f   libvcruntime:risctrnsctrl.obj
 0001:0000c624       _SetImageBase              000000018000d624 f   libvcruntime:risctrnsctrl.obj
 0001:0000c63c       _SetThrowImageBase         000000018000d63c f   libvcruntime:risctrnsctrl.obj
 0001:0000c654       __CxxFrameHandler3         000000018000d654 f   libvcruntime:risctrnsctrl.obj
 0001:0000c6dc       __CxxFrameHandler4         000000018000d6dc f   libvcruntime:risctrnsctrl.obj
 0001:0000c7b0       memcpy_repmovs             000000018000d7b0 f   libvcruntime:memcpy.obj
 0001:0000c7d0       memcpy                     000000018000d7d0 f   libvcruntime:memcpy.obj
 0001:0000c7d0       memmove                    000000018000d7d0 f   libvcruntime:memcpy.obj
 0001:0000ce48       ?GetCurrentState@__FrameHandler3@@SAHPEA_KPEAU_xDISPATCHER_CONTEXT@@PEBU_s_FuncInfo@@@Z 000000018000de48 f   libvcruntime:ehstate.obj
 0001:0000ce70       ?GetUnwindTryBlock@__FrameHandler3@@SAHPEA_KPEAU_xDISPATCHER_CONTEXT@@PEBU_s_FuncInfo@@@Z 000000018000de70 f   libvcruntime:ehstate.obj
 0001:0000ce9c       ?SetState@__FrameHandler3@@SAXPEA_KPEBU_s_FuncInfo@@H@Z 000000018000de9c f   libvcruntime:ehstate.obj
 0001:0000cea8       ?SetUnwindTryBlock@__FrameHandler3@@SAXPEA_KPEAU_xDISPATCHER_CONTEXT@@PEBU_s_FuncInfo@@H@Z 000000018000dea8 f   libvcruntime:ehstate.obj
 0001:0000cee4       ?StateFromControlPc@__FrameHandler3@@SAHPEBU_s_FuncInfo@@PEAU_xDISPATCHER_CONTEXT@@@Z 000000018000dee4 f   libvcruntime:ehstate.obj
 0001:0000ceec       ?StateFromControlPc@__FrameHandler4@@SAHPEAUFuncInfo4@FH4@@PEAU_xDISPATCHER_CONTEXT@@@Z 000000018000deec f   libvcruntime:ehstate.obj
 0001:0000cef4       ?StateFromIp@__FrameHandler3@@SAHPEBU_s_FuncInfo@@PEAU_xDISPATCHER_CONTEXT@@_K@Z 000000018000def4 f   libvcruntime:ehstate.obj
 0001:0000cf5c       ?StateFromIp@__FrameHandler4@@SAHPEAUFuncInfo4@FH4@@PEAU_xDISPATCHER_CONTEXT@@_K@Z 000000018000df5c f   libvcruntime:ehstate.obj
 0001:0000e65c       ??$TypeMatchHelper@V__FrameHandler3@@@@YAHPEBU_s_HandlerType@@PEBU_s_CatchableType@@PEBU_s_ThrowInfo@@@Z 000000018000f65c f i libvcruntime:frame.obj
 0001:0000e79c       ??$TypeMatchHelper@V__FrameHandler4@@@@YAHPEAUHandlerType4@FH4@@PEBU_s_CatchableType@@PEBU_s_ThrowInfo@@@Z 000000018000f79c f i libvcruntime:frame.obj
 0001:0000e8e0       ??$__InternalCxxFrameHandler@V__FrameHandler3@@@@YA?AW4_EXCEPTION_DISPOSITION@@PEAUEHExceptionRecord@@PEA_KPEAU_CONTEXT@@PEAU_xDISPATCHER_CONTEXT@@PEBU_s_FuncInfo@@H1E@Z 000000018000f8e0 f i libvcruntime:frame.obj
 0001:0000eb18       ??$__InternalCxxFrameHandler@V__FrameHandler4@@@@YA?AW4_EXCEPTION_DISPOSITION@@PEAUEHExceptionRecord@@PEA_KPEAU_CONTEXT@@PEAU_xDISPATCHER_CONTEXT@@PEAUFuncInfo4@FH4@@H1E@Z 000000018000fb18 f i libvcruntime:frame.obj
 0001:0000edac       ??$__InternalCxxFrameHandlerWrapper@V__FrameHandler3@@@@YA?AW4_EXCEPTION_DISPOSITION@@PEAUEHExceptionRecord@@PEA_KPEAU_CONTEXT@@PEAU_xDISPATCHER_CONTEXT@@PEBU_s_FuncInfo@@H1E@Z 000000018000fdac f i libvcruntime:frame.obj
 0001:0000edb4       ??$__InternalCxxFrameHandlerWrapper@V__FrameHandler4@@@@YA?AW4_EXCEPTION_DISPOSITION@@PEAUEHExceptionRecord@@PEA_KPEAU_CONTEXT@@PEAU_xDISPATCHER_CONTEXT@@PEAUFuncInfo4@FH4@@H1E@Z 000000018000fdb4 f i libvcruntime:frame.obj
 0001:0000ee10       ??0HandlerMap4@FH4@@QEAA@PEBUTryBlockMapEntry4@1@_KH@Z 000000018000fe10 f i libvcruntime:frame.obj
 0001:0000ee8c       ??0TryBlockMap4@FH4@@QEAA@PEBUFuncInfo4@1@_K@Z 000000018000fe8c f i libvcruntime:frame.obj
 0001:0000ef64       ??0bad_exception@std@@QEAA@AEBV01@@Z 000000018000ff64 f i libvcruntime:frame.obj
 0001:0000efa0       ??0bad_exception@std@@QEAA@XZ 000000018000ffa0 f i libvcruntime:frame.obj
 0001:0000efc0       ?CxxCallCatchBlock@__FrameHandler3@@SAPEAXPEAU_EXCEPTION_RECORD@@@Z 000000018000ffc0 f   libvcruntime:frame.obj
 0001:0000f1ac       ?CxxCallCatchBlock@__FrameHandler4@@SAPEAXPEAU_EXCEPTION_RECORD@@@Z 00000001800101ac f   libvcruntime:frame.obj
 0001:0000f3fc       ?DecompHandler@HandlerMap4@FH4@@AEAAXXZ 00000001800103fc f i libvcruntime:frame.obj
 0001:0000f648       ?FrameUnwindToState@__FrameHandler3@@SAXPEA_KPEAU_xDISPATCHER_CONTEXT@@PEBU_s_FuncInfo@@H@Z 0000000180010648 f   libvcruntime:frame.obj
 0001:0000f7d4       ?FrameUnwindToState@__FrameHandler4@@SAXPEA_KPEAU_xDISPATCHER_CONTEXT@@PEAUFuncInfo4@FH4@@H@Z 00000001800107d4 f   libvcruntime:frame.obj
 0001:0000fad0       ?GetHandlerSearchState@__FrameHandler3@@SAHPEA_KPEAU_xDISPATCHER_CONTEXT@@PEBU_s_FuncInfo@@@Z 0000000180010ad0 f i libvcruntime:frame.obj
 0001:0000fce0       ?ReadEntry@UWMap4@FH4@@AEAAXPEAPEAE@Z 0000000180010ce0 f i libvcruntime:frame.obj
 0001:0000fd7c       ?_CallMemberFunction1@@YAXQEAX00@Z 0000000180010d7c f i libvcruntime:frame.obj
 0001:0000fd88       ?_CallMemberFunction2@@YAXQEAX00H@Z 0000000180010d88 f i libvcruntime:frame.obj
 0001:0000fd98       ?getStartStop@UWMap4@FH4@@QEAAXHHAEAViterator@12@0@Z 0000000180010d98 f i libvcruntime:frame.obj
 0001:0000fe68       ?getStateFromIterators@UWMap4@FH4@@SAHAEBViterator@12@H0H0@Z 0000000180010e68 f i libvcruntime:frame.obj
 0001:0000ff30       _CallSettingFrame          0000000180010f30 f   libvcruntime:handlers.obj
 0001:0000ff80       _CallSettingFrame_LookupContinuationIndex 0000000180010f80 f   libvcruntime:handlers.obj
 0001:0000ffb0       _CallSettingFrame_NotifyContinuationAddr 0000000180010fb0 f   libvcruntime:handlers.obj
 0001:0000ffe0       _CallSettingFrameEncoded   0000000180010fe0 f   libvcruntime:handlers.obj
 0001:00010028       _local_unwind              0000000180011028 f   libvcruntime:jmpuwind.obj
 0001:00010054       ??0_LocaleUpdate@@QEAA@QEAU__crt_locale_pointers@@@Z 0000000180011054 f i libucrt:stricmp.obj
 0001:000100f0       ?get_raw_ptd@__crt_cached_ptd_host@@QEAAPEAU__acrt_ptd@@XZ 00000001800110f0 f i libucrt:invalid_parameter.obj
 0001:00010158       ?get_raw_ptd_noexit@__crt_cached_ptd_host@@QEAAPEAU__acrt_ptd@@XZ 0000000180011158 f i libucrt:invalid_parameter.obj
 0001:000101c4       ?value@?$dual_state_global@P6AXPEB_W00I_K@Z@__crt_state_management@@QEAAAEAP6AXPEB_W00I_K@ZAEAV__crt_cached_ptd_host@@@Z 00000001800111c4 f i libucrt:invalid_parameter.obj
 0001:00010210       __acrt_call_reportfault    0000000180011210 f   libucrt:invalid_parameter.obj
 0001:0001036c       __acrt_initialize_invalid_parameter_handler 000000018001136c f   libucrt:invalid_parameter.obj
 0001:00010374       _invalid_parameter         0000000180011374 f   libucrt:invalid_parameter.obj
 0001:00010410       _invalid_parameter_internal 0000000180011410 f   libucrt:invalid_parameter.obj
 0001:000104e0       _invalid_parameter_noinfo  00000001800114e0 f   libucrt:invalid_parameter.obj
 0001:00010500       _invalid_parameter_noinfo_noreturn 0000000180011500 f   libucrt:invalid_parameter.obj
 0001:00010530       _invoke_watson             0000000180011530 f   libucrt:invalid_parameter.obj
 0001:00010578       _tolower_l                 0000000180011578 f   libucrt:tolower_toupper.obj
 0001:000106ac       tolower                    00000001800116ac f   libucrt:tolower_toupper.obj
 0001:000106e0       ?update_locale_slow@__crt_cached_ptd_host@@AEAAXXZ 00000001800116e0 f i libucrt:output.obj
 0001:00010758       __acrt_initialize_new_handler 0000000180011758 f   libucrt:new_handler.obj
 0001:00010760       _callnewh                  0000000180011760 f   libucrt:new_handler.obj
 0001:0001079c       _query_new_handler         000000018001179c f   libucrt:new_handler.obj
 0001:000107d0       malloc                     00000001800117d0 f   libucrt:malloc.obj
 0001:000107d8       _seh_filter_dll            00000001800117d8 f   libucrt:exception_filter.obj
 0001:000107ec       _seh_filter_exe            00000001800117ec f   libucrt:exception_filter.obj
 0001:00010c10       __acrt_initialize_thread_local_exit_callback 0000000180011c10 f   libucrt:exit.obj
 0001:00010c18       _cexit                     0000000180011c18 f   libucrt:exit.obj
 0001:00010c28       _exit                      0000000180011c28 f   libucrt:exit.obj
 0001:00010c34       _is_c_termination_complete 0000000180011c34 f   libucrt:exit.obj
 0001:00010dfc       __acrt_allocate_buffer_for_argv 0000000180011dfc f   libucrt:argv_parsing.obj
 0001:00010e5c       _configure_narrow_argv     0000000180011e5c f   libucrt:argv_parsing.obj
 0001:000111e4       __dcrt_uninitialize_environments_nolock 00000001800121e4 f   libucrt:environment_initialization.obj
 0001:00011228       _initialize_narrow_environment 0000000180012228 f   libucrt:environment_initialization.obj
 0001:00011578       _crt_atexit                0000000180012578 f   libucrt:onexit.obj
 0001:00011588       _execute_onexit_table      0000000180012588 f   libucrt:onexit.obj
 0001:000115cc       _initialize_onexit_table   00000001800125cc f   libucrt:onexit.obj
 0001:000115f4       _register_onexit_function  00000001800125f4 f   libucrt:onexit.obj
 0001:00011674       __acrt_uninitialize_command_line 0000000180012674 f   libucrt:argv_data.obj
 0001:0001176c       __acrt_initialize          000000018001276c f   libucrt:initialization.obj
 0001:00011780       __acrt_thread_attach       0000000180012780 f   libucrt:initialization.obj
 0001:00011794       __acrt_thread_detach       0000000180012794 f   libucrt:initialization.obj
 0001:000117a4       __acrt_uninitialize        00000001800127a4 f   libucrt:initialization.obj
 0001:000117dc       __acrt_uninitialize_critical 00000001800127dc f   libucrt:initialization.obj
 0001:000117ec       _initterm                  00000001800127ec f   libucrt:initterm.obj
 0001:00011830       _initterm_e                0000000180012830 f   libucrt:initterm.obj
 0001:00011878       free                       0000000180012878 f   libucrt:free.obj
 0001:0001188c       terminate                  000000018001288c f   libucrt:terminate.obj
 0001:000118b8       abort                      00000001800128b8 f   libucrt:abort.obj
 0001:00011910       strcpy_s                   0000000180012910 f   libucrt:strcpy_s.obj
 0001:00011970       calloc                     0000000180012970 f   libucrt:calloc.obj
 0001:00011990       strncmp                    0000000180012990 f   libucrt:strncmp.obj
 0001:00011a10       wcsncmp                    0000000180012a10 f   libucrt:wcsncmp.obj
 0001:00011a3c       __acrt_errno_from_os_error 0000000180012a3c f   libucrt:errno.obj
 0001:00011a84       __acrt_errno_map_os_error  0000000180012a84 f   libucrt:errno.obj
 0001:00011acc       __acrt_errno_map_os_error_ptd 0000000180012acc f   libucrt:errno.obj
 0001:00011af0       __doserrno                 0000000180012af0 f   libucrt:errno.obj
 0001:00011b10       _errno                     0000000180012b10 f   libucrt:errno.obj
 0001:00011ea8       __acrt_freeptd             0000000180012ea8 f   libucrt:per_thread_data.obj
 0001:00011eec       __acrt_getptd              0000000180012eec f   libucrt:per_thread_data.obj
 0001:00011fc0       __acrt_getptd_head         0000000180012fc0 f   libucrt:per_thread_data.obj
 0001:00012064       __acrt_getptd_noexit       0000000180013064 f   libucrt:per_thread_data.obj
 0001:0001212c       __acrt_getptd_noexit_explicit 000000018001312c f   libucrt:per_thread_data.obj
 0001:000121ec       __acrt_initialize_ptd      00000001800131ec f   libucrt:per_thread_data.obj
 0001:00012228       __acrt_uninitialize_ptd    0000000180013228 f   libucrt:per_thread_data.obj
 0001:0001224c       __acrt_update_locale_info  000000018001324c f   libucrt:locale_update.obj
 0001:00012280       __acrt_update_locale_info_explicit 0000000180013280 f   libucrt:locale_update.obj
 0001:000122b8       __acrt_update_multibyte_info 00000001800132b8 f   libucrt:locale_update.obj
 0001:000122ec       __acrt_update_multibyte_info_explicit 00000001800132ec f   libucrt:locale_update.obj
 0001:00012394       __acrt_set_locale_changed  0000000180013394 f   libucrt:wsetlocale.obj
 0001:000123a0       __acrt_uninitialize_locale 00000001800133a0 f   libucrt:wsetlocale.obj
 0001:000126f0       __acrt_LCMapStringA        00000001800136f0 f   libucrt:lcmapstringa.obj
 0001:00012788       _free_base                 0000000180013788 f   libucrt:free_base.obj
 0001:000127c4       _malloc_base               00000001800137c4 f   libucrt:malloc_base.obj
 0001:00012824       _mbtowc_internal           0000000180013824 f   libucrt:mbtowc.obj
 0001:0001299c       _fileno                    000000018001399c f   libucrt:fileno.obj
 0001:000129c4       __acrt_initialize_stdio    00000001800139c4 f   libucrt:_file.obj
 0001:00012ae4       __acrt_uninitialize_stdio  0000000180013ae4 f   libucrt:_file.obj
 0001:00012b40       _lock_file                 0000000180013b40 f   libucrt:_file.obj
 0001:00012b4c       _unlock_file               0000000180013b4c f   libucrt:_file.obj
 0001:00012d50       __acrt_initialize_lowio    0000000180013d50 f   libucrt:ioinit.obj
 0001:00012d8c       __acrt_uninitialize_lowio  0000000180013d8c f   libucrt:ioinit.obj
 0001:00012dcc       __acrt_initialize_locks    0000000180013dcc f   libucrt:locks.obj
 0001:00012e14       __acrt_lock                0000000180013e14 f   libucrt:locks.obj
 0001:00012e30       __acrt_uninitialize_locks  0000000180013e30 f   libucrt:locks.obj
 0001:00012e68       __acrt_unlock              0000000180013e68 f   libucrt:locks.obj
 0001:00012e84       __acrt_get_process_end_policy 0000000180013e84 f   libucrt:win_policies.obj
 0001:00012ec0       _calloc_base               0000000180013ec0 f   libucrt:calloc_base.obj
 0001:00012f4c       ??$__acrt_convert_wcs_mbs_cp@D_WV<lambda_7c9dea7b4ca7285d2cdb541a38da6275>@@U__crt_win32_buffer_internal_dynamic_resizing@@@@YAHQEBDAEAV?$__crt_win32_buffer@_WU__crt_win32_buffer_internal_dynamic_resizing@@@@AEBV<lambda_7c9dea7b4ca7285d2cdb541a38da6275>@@I@Z 0000000180013f4c f i libucrt:argv_wildcards.obj
 0001:000130c8       ??$__acrt_convert_wcs_mbs_cp@_WDV<lambda_d8593a27d1aa8c02be35c86a17d324c4>@@U__crt_win32_buffer_internal_dynamic_resizing@@@@YAHQEB_WAEAV?$__crt_win32_buffer@DU__crt_win32_buffer_internal_dynamic_resizing@@@@AEBV<lambda_d8593a27d1aa8c02be35c86a17d324c4>@@I@Z 00000001800140c8 f i libucrt:argv_wildcards.obj
 0001:00013970       __acrt_expand_narrow_argv_wildcards 0000000180014970 f   libucrt:argv_wildcards.obj
 0001:00013978       ??$__acrt_convert_wcs_mbs_cp@_WDV<lambda_f788ae46380686e8b737efdd8c720d07>@@U__crt_win32_buffer_no_resizing@@@@YAHQEB_WAEAV?$__crt_win32_buffer@DU__crt_win32_buffer_no_resizing@@@@AEBV<lambda_f788ae46380686e8b737efdd8c720d07>@@I@Z 0000000180014978 f i libucrt:getmodulefilenamea.obj
 0001:00013a94       __acrt_GetModuleFileNameA  0000000180014a94 f   libucrt:getmodulefilenamea.obj
 0001:000143b0       __acrt_initialize_multibyte 00000001800153b0 f   libucrt:mbctype.obj
 0001:00014410       __acrt_update_thread_multibyte_data 0000000180015410 f   libucrt:mbctype.obj
 0001:0001442c       _setmbcp_nolock            000000018001542c f   libucrt:mbctype.obj
 0001:00014760       _ismbblead                 0000000180015760 f   libucrt:ismbbyte.obj
 0001:00014774       __acrt_initialize_command_line 0000000180015774 f   libucrt:argv_data.obj
 0001:0001479c       __acrt_MultiByteToWideChar 000000018001579c f   libucrt:multibytetowidechar.obj
 0001:000147f8       __acrt_WideCharToMultiByte 00000001800157f8 f   libucrt:widechartomultibyte.obj
 0001:000148a8       __dcrt_get_narrow_environment_from_os 00000001800158a8 f   libucrt:get_environment_from_os.obj
 0001:000149b8       _recalloc_base             00000001800159b8 f   libucrt:recalloc.obj
 0001:00014c10       __acrt_AppPolicyGetProcessTerminationMethodInternal 0000000180015c10 f   libucrt:winapi_thunks.obj
 0001:00014c68       __acrt_AreFileApisANSI     0000000180015c68 f   libucrt:winapi_thunks.obj
 0001:00014cac       __acrt_FlsAlloc            0000000180015cac f   libucrt:winapi_thunks.obj
 0001:00014cb4       __acrt_FlsFree             0000000180015cb4 f   libucrt:winapi_thunks.obj
 0001:00014cbc       __acrt_FlsGetValue         0000000180015cbc f   libucrt:winapi_thunks.obj
 0001:00014cc4       __acrt_FlsSetValue         0000000180015cc4 f   libucrt:winapi_thunks.obj
 0001:00014ccc       __acrt_InitializeCriticalSectionEx 0000000180015ccc f   libucrt:winapi_thunks.obj
 0001:00014d3c       __acrt_LCMapStringEx       0000000180015d3c f   libucrt:winapi_thunks.obj
 0001:00014e28       __acrt_LocaleNameToLCID    0000000180015e28 f   libucrt:winapi_thunks.obj
 0001:00014e88       __acrt_initialize_winapi_thunks 0000000180015e88 f   libucrt:winapi_thunks.obj
 0001:00014eac       __acrt_uninitialize_winapi_thunks 0000000180015eac f   libucrt:winapi_thunks.obj
 0001:00014ef0       __acrt_initialize_heap     0000000180015ef0 f   libucrt:heap_handle.obj
 0001:00014f0c       __acrt_uninitialize_heap   0000000180015f0c f   libucrt:heap_handle.obj
 0001:00014f18       __acrt_execute_initializers 0000000180015f18 f   libucrt:shared_initialization.obj
 0001:00014fac       __acrt_execute_uninitializers 0000000180015fac f   libucrt:shared_initialization.obj
 0001:0001503c       __acrt_get_sigabrt_handler 000000018001603c f   libucrt:signal.obj
 0001:0001506c       __acrt_initialize_signal_handlers 000000018001606c f   libucrt:signal.obj
 0001:0001508c       raise                      000000018001608c f   libucrt:signal.obj
 0001:0001530c       __acrt_has_user_matherr    000000018001630c f   libucrt:matherr.obj
 0001:0001532c       __acrt_initialize_user_matherr 000000018001632c f   libucrt:matherr.obj
 0001:00015334       __acrt_invoke_user_matherr 0000000180016334 f   libucrt:matherr.obj
 0001:00015548       __acrt_stdio_flush_nolock  0000000180016548 f   libucrt:fflush.obj
 0001:000155d4       _fflush_nolock             00000001800165d4 f   libucrt:fflush.obj
 0001:000156a8       _flushall                  00000001800166a8 f   libucrt:fflush.obj
 0001:000156b0       __acrt_add_locale_ref      00000001800166b0 f   libucrt:locale_refcounting.obj
 0001:0001573c       __acrt_free_locale         000000018001673c f   libucrt:locale_refcounting.obj
 0001:000158b4       __acrt_locale_add_lc_time_reference 00000001800168b4 f   libucrt:locale_refcounting.obj
 0001:000158dc       __acrt_locale_free_lc_time_if_unreferenced 00000001800168dc f   libucrt:locale_refcounting.obj
 0001:00015914       __acrt_locale_release_lc_time_reference 0000000180016914 f   libucrt:locale_refcounting.obj
 0001:0001593c       __acrt_release_locale_ref  000000018001693c f   libucrt:locale_refcounting.obj
 0001:000159e4       __acrt_update_thread_locale_data 00000001800169e4 f   libucrt:locale_refcounting.obj
 0001:00015a54       _updatetlocinfoEx_nolock   0000000180016a54 f   libucrt:locale_refcounting.obj
 0001:00015abc       __acrt_locale_free_monetary 0000000180016abc f   libucrt:initmon.obj
 0001:00015bc8       __acrt_locale_free_numeric 0000000180016bc8 f   libucrt:initnum.obj
 0001:00015c68       __acrt_locale_free_time    0000000180016c68 f   libucrt:inittime.obj
 0001:00015d70       __acrt_GetStringTypeA      0000000180016d70 f   libucrt:getstringtypea.obj
 0001:00015f0c       __strncnt                  0000000180016f0c f   libucrt:strncnt.obj
 0001:00015f24       _query_new_mode            0000000180016f24 f   libucrt:new_mode.obj
 0001:00015f2c       ?__mbrtowc_utf8@__crt_mbstring@@YA_KPEA_WPEBD_KPEAU_Mbstatet@@AEAV__crt_cached_ptd_host@@@Z 0000000180016f2c f   libucrt:mbrtowc.obj
 0001:00015f70       ?__mbsrtowcs_utf8@__crt_mbstring@@YA_KPEA_WPEAPEBD_KPEAU_Mbstatet@@AEAV__crt_cached_ptd_host@@@Z 0000000180016f70 f   libucrt:mbrtowc.obj
 0001:00016114       _fcloseall                 0000000180017114 f   libucrt:closeall.obj
 0001:000161c8       __acrt_stdio_free_buffer_nolock 00000001800171c8 f   libucrt:_freebuf.obj
 0001:00016208       _isatty                    0000000180017208 f   libucrt:isatty.obj
 0001:00016268       __acrt_lowio_create_handle_array 0000000180017268 f   libucrt:osfinfo.obj
 0001:00016310       __acrt_lowio_destroy_handle_array 0000000180017310 f   libucrt:osfinfo.obj
 0001:00016360       __acrt_lowio_ensure_fh_exists 0000000180017360 f   libucrt:osfinfo.obj
 0001:00016408       __acrt_lowio_lock_fh       0000000180017408 f   libucrt:osfinfo.obj
 0001:00016430       __acrt_lowio_unlock_fh     0000000180017430 f   libucrt:osfinfo.obj
 0001:00016458       _free_osfhnd               0000000180017458 f   libucrt:osfinfo.obj
 0001:00016514       _get_osfhandle             0000000180017514 f   libucrt:osfinfo.obj
 0001:00016590       qsort                      0000000180017590 f   libucrt:qsort.obj
 0001:000169a0       strncpy_s                  00000001800179a0 f   libucrt:strncpy_s.obj
 0001:00016b30       strpbrk                    0000000180017b30 f   libucrt:strpbrk.obj
 0001:00016ef8       _mbsdec                    0000000180017ef8 f   libucrt:mbsdec.obj
 0001:00016f00       _mbsdec_l                  0000000180017f00 f   libucrt:mbsdec.obj
 0001:00016fac       _msize_base                0000000180017fac f   libucrt:msize.obj
 0001:00016fe8       _realloc_base              0000000180017fe8 f   libucrt:realloc_base.obj
 0001:00017064       __acrt_DownlevelLocaleNameToLCID 0000000180018064 f   libucrt:lcidtoname_downlevel.obj
 0001:00017198       _commit                    0000000180018198 f   libucrt:commit.obj
 0001:00017a48       _write_internal            0000000180018a48 f   libucrt:write.obj
 0001:00017b70       _write_nolock              0000000180018b70 f   libucrt:write.obj
 0001:00017e80       __ascii_wcsnicmp           0000000180018e80 f   libucrt:wcsnicmp.obj
 0001:00017ed0       log10                      0000000180018ed0 f   libucrt:log10.obj
 0001:0001847c       ?reset_and_return@__crt_mbstring@@YA_K_KPEAU_Mbstatet@@@Z 000000018001947c f   libucrt:common_utf8.obj
 0001:00018484       ?return_illegal_sequence@__crt_mbstring@@YA_KPEAU_Mbstatet@@AEAV__crt_cached_ptd_host@@@Z 0000000180019484 f   libucrt:common_utf8.obj
 0001:00018498       ?__mbrtoc32_utf8@__crt_mbstring@@YA_KPEA_UPEBD_KPEAU_Mbstatet@@AEAV__crt_cached_ptd_host@@@Z 0000000180019498 f   libucrt:mbrtoc32.obj
 0001:00018794       fclose                     0000000180019794 f   libucrt:fclose.obj
 0001:000188d8       _lseeki64_nolock_internal  00000001800198d8 f   libucrt:lseek.obj
 0001:000188e0       _query_app_type            00000001800198e0 f   libucrt:report_runtime_error.obj
 0001:000188e8       _putwch_nolock             00000001800198e8 f   libucrt:putwch.obj
 0001:00018a48       _handle_error              0000000180019a48 f   libucrt:libm_error.obj
 0001:00018b70       __acrt_initialize_fma3     0000000180019b70 f   libucrt:fma3_available.obj
 0001:00018be0       _log10_special             0000000180019be0 f   libucrt:log_special.obj
 0001:00018d10       _close_internal            0000000180019d10 f   libucrt:close.obj
 0001:00018dd4       _close_nolock_internal     0000000180019dd4 f   libucrt:close.obj
 0001:00018ea4       ?__acrt_stdio_free_stream@@YAXV__crt_stdio_stream@@@Z 0000000180019ea4 f   libucrt:stream.obj
 0001:00018ec0       __dcrt_lowio_ensure_console_output_initialized 0000000180019ec0 f   libucrt:initcon.obj
 0001:00018f14       __dcrt_terminate_console_output 0000000180019f14 f   libucrt:initcon.obj
 0001:00018f30       __dcrt_write_console       0000000180019f30 f   libucrt:initcon.obj
 0001:00019000       _get_fpsr                  000000018001a000 f   libucrt:fpsr.obj
 0001:00019010       _set_fpsr                  000000018001a010 f   libucrt:fpsr.obj
 0001:0001901a       _fclrf                     000000018001a01a f   libucrt:fpsr.obj
 0001:0001902e       _frnd                      000000018001a02e f   libucrt:fpsr.obj
 0001:00019050       _raise_exc                 000000018001a050 f   libucrt:fpexcept.obj
 0001:00019078       _raise_exc_ex              000000018001a078 f   libucrt:fpexcept.obj
 0001:00019388       _set_errno_from_matherr    000000018001a388 f   libucrt:fpexcept.obj
 0001:000193b8       _clrfp                     000000018001a3b8 f   libucrt:fpctrl.obj
 0001:000193d8       _ctrlfp                    000000018001a3d8 f   libucrt:fpctrl.obj
 0001:00019454       _set_statfp                000000018001a454 f   libucrt:fpctrl.obj
 0001:00019474       _statfp                    000000018001a474 f   libucrt:fpctrl.obj
 0001:00019488       __GSHandlerCheck           000000018001a488 f   LIBCMT:gshandler.obj
 0001:000194a8       __GSHandlerCheckCommon     000000018001a4a8 f   LIBCMT:gshandler.obj
 0001:00019510       _FindPESection             000000018001a510 f   LIBCMT:pesect.obj
 0001:00019560       _IsNonwritableInCurrentImage 000000018001a560 f   LIBCMT:pesect.obj
 0001:000195b0       _ValidateImageBase         000000018001a5b0 f   LIBCMT:pesect.obj
 0001:000195dc       __GSHandlerCheck_SEH       000000018001a5dc f   LIBCMT:gshandlerseh.obj
 0001:00019680       __chkstk                   000000018001a680 f   LIBCMT:chkstk.obj
 0001:00019680       _alloca_probe              000000018001a680 f   LIBCMT:chkstk.obj
 0001:000196d0       __GSHandlerCheck_EH        000000018001a6d0 f   LIBCMT:gshandlereh.obj
 0001:00019750       __C_specific_handler_noexcept 000000018001a750 f   libvcruntime:chandler_noexcept.obj
 0001:000197b0       memcmp                     000000018001a7b0 f   libvcruntime:memcmp.obj
 0001:00019890       memchr                     000000018001a890 f   libvcruntime:memchr.obj
 0001:00019930       _guard_dispatch_icall_nop  000000018001a930 f   LIBCMT:guard_dispatch.obj
 0001:00019950       _guard_xfg_dispatch_icall_nop 000000018001a950 f   LIBCMT:guard_xfg_dispatch.obj
 0002:00000000       __imp_OpenProcess          000000018001c000     kernel32:KERNEL32.dll
 0002:00000008       __imp_GetLastError         000000018001c008     kernel32:KERNEL32.dll
 0002:00000010       __imp_CloseHandle          000000018001c010     kernel32:KERNEL32.dll
 0002:00000018       __imp_K32EnumProcessModules 000000018001c018     kernel32:KERNEL32.dll
 0002:00000020       __imp_IsWow64Process       000000018001c020     kernel32:KERNEL32.dll
 0002:00000028       __imp_ReadProcessMemory    000000018001c028     kernel32:KERNEL32.dll
 0002:00000030       __imp_GetExitCodeProcess   000000018001c030     kernel32:KERNEL32.dll
 0002:00000038       __imp_CreateFileW          000000018001c038     kernel32:KERNEL32.dll
 0002:00000040       __imp_GetConsoleMode       000000018001c040     kernel32:KERNEL32.dll
 0002:00000048       __imp_GetConsoleOutputCP   000000018001c048     kernel32:KERNEL32.dll
 0002:00000050       __imp_WriteFile            000000018001c050     kernel32:KERNEL32.dll
 0002:00000058       __imp_FlushFileBuffers     000000018001c058     kernel32:KERNEL32.dll
 0002:00000060       __imp_HeapReAlloc          000000018001c060     kernel32:KERNEL32.dll
 0002:00000068       __imp_HeapSize             000000018001c068     kernel32:KERNEL32.dll
 0002:00000070       __imp_SetStdHandle         000000018001c070     kernel32:KERNEL32.dll
 0002:00000078       __imp_SetFilePointerEx     000000018001c078     kernel32:KERNEL32.dll
 0002:00000080       __imp_GetStringTypeW       000000018001c080     kernel32:KERNEL32.dll
 0002:00000088       __imp_GetProcessHeap       000000018001c088     kernel32:KERNEL32.dll
 0002:00000090       __imp_LCMapStringW         000000018001c090     kernel32:KERNEL32.dll
 0002:00000098       __imp_FreeEnvironmentStringsW 000000018001c098     kernel32:KERNEL32.dll
 0002:000000a0       __imp_GetEnvironmentStringsW 000000018001c0a0     kernel32:KERNEL32.dll
 0002:000000a8       __imp_WideCharToMultiByte  000000018001c0a8     kernel32:KERNEL32.dll
 0002:000000b0       __imp_MultiByteToWideChar  000000018001c0b0     kernel32:KERNEL32.dll
 0002:000000b8       __imp_GetCommandLineW      000000018001c0b8     kernel32:KERNEL32.dll
 0002:000000c0       __imp_GetCommandLineA      000000018001c0c0     kernel32:KERNEL32.dll
 0002:000000c8       __imp_GetCPInfo            000000018001c0c8     kernel32:KERNEL32.dll
 0002:000000d0       __imp_GetOEMCP             000000018001c0d0     kernel32:KERNEL32.dll
 0002:000000d8       __imp_GetACP               000000018001c0d8     kernel32:KERNEL32.dll
 0002:000000e0       __imp_IsValidCodePage      000000018001c0e0     kernel32:KERNEL32.dll
 0002:000000e8       __imp_FindNextFileW        000000018001c0e8     kernel32:KERNEL32.dll
 0002:000000f0       __imp_FindFirstFileExW     000000018001c0f0     kernel32:KERNEL32.dll
 0002:000000f8       __imp_FindClose            000000018001c0f8     kernel32:KERNEL32.dll
 0002:00000100       __imp_GetFileType          000000018001c100     kernel32:KERNEL32.dll
 0002:00000108       __imp_GetStdHandle         000000018001c108     kernel32:KERNEL32.dll
 0002:00000110       __imp_HeapAlloc            000000018001c110     kernel32:KERNEL32.dll
 0002:00000118       __imp_HeapFree             000000018001c118     kernel32:KERNEL32.dll
 0002:00000120       __imp_GetModuleFileNameW   000000018001c120     kernel32:KERNEL32.dll
 0002:00000128       __imp_GetModuleHandleExW   000000018001c128     kernel32:KERNEL32.dll
 0002:00000130       __imp_RtlCaptureContext    000000018001c130     kernel32:KERNEL32.dll
 0002:00000138       __imp_RtlLookupFunctionEntry 000000018001c138     kernel32:KERNEL32.dll
 0002:00000140       __imp_RtlVirtualUnwind     000000018001c140     kernel32:KERNEL32.dll
 0002:00000148       __imp_UnhandledExceptionFilter 000000018001c148     kernel32:KERNEL32.dll
 0002:00000150       __imp_SetUnhandledExceptionFilter 000000018001c150     kernel32:KERNEL32.dll
 0002:00000158       __imp_GetCurrentProcess    000000018001c158     kernel32:KERNEL32.dll
 0002:00000160       __imp_TerminateProcess     000000018001c160     kernel32:KERNEL32.dll
 0002:00000168       __imp_IsProcessorFeaturePresent 000000018001c168     kernel32:KERNEL32.dll
 0002:00000170       __imp_IsDebuggerPresent    000000018001c170     kernel32:KERNEL32.dll
 0002:00000178       __imp_GetStartupInfoW      000000018001c178     kernel32:KERNEL32.dll
 0002:00000180       __imp_GetModuleHandleW     000000018001c180     kernel32:KERNEL32.dll
 0002:00000188       __imp_QueryPerformanceCounter 000000018001c188     kernel32:KERNEL32.dll
 0002:00000190       __imp_GetCurrentProcessId  000000018001c190     kernel32:KERNEL32.dll
 0002:00000198       __imp_GetCurrentThreadId   000000018001c198     kernel32:KERNEL32.dll
 0002:000001a0       __imp_GetSystemTimeAsFileTime 000000018001c1a0     kernel32:KERNEL32.dll
 0002:000001a8       __imp_InitializeSListHead  000000018001c1a8     kernel32:KERNEL32.dll
 0002:000001b0       __imp_QueryPerformanceFrequency 000000018001c1b0     kernel32:KERNEL32.dll
 0002:000001b8       __imp_FlsAlloc             000000018001c1b8     kernel32:KERNEL32.dll
 0002:000001c0       __imp_FlsGetValue          000000018001c1c0     kernel32:KERNEL32.dll
 0002:000001c8       __imp_FlsSetValue          000000018001c1c8     kernel32:KERNEL32.dll
 0002:000001d0       __imp_FlsFree              000000018001c1d0     kernel32:KERNEL32.dll
 0002:000001d8       __imp_GetProcAddress       000000018001c1d8     kernel32:KERNEL32.dll
 0002:000001e0       __imp_RtlUnwindEx          000000018001c1e0     kernel32:KERNEL32.dll
 0002:000001e8       __imp_RtlPcToFileHeader    000000018001c1e8     kernel32:KERNEL32.dll
 0002:000001f0       __imp_RaiseException       000000018001c1f0     kernel32:KERNEL32.dll
 0002:000001f8       __imp_InterlockedFlushSList 000000018001c1f8     kernel32:KERNEL32.dll
 0002:00000200       __imp_SetLastError         000000018001c200     kernel32:KERNEL32.dll
 0002:00000208       __imp_EnterCriticalSection 000000018001c208     kernel32:KERNEL32.dll
 0002:00000210       __imp_LeaveCriticalSection 000000018001c210     kernel32:KERNEL32.dll
 0002:00000218       __imp_DeleteCriticalSection 000000018001c218     kernel32:KERNEL32.dll
 0002:00000220       __imp_InitializeCriticalSectionAndSpinCount 000000018001c220     kernel32:KERNEL32.dll
 0002:00000228       __imp_TlsAlloc             000000018001c228     kernel32:KERNEL32.dll
 0002:00000230       __imp_TlsGetValue          000000018001c230     kernel32:KERNEL32.dll
 0002:00000238       __imp_TlsSetValue          000000018001c238     kernel32:KERNEL32.dll
 0002:00000240       __imp_TlsFree              000000018001c240     kernel32:KERNEL32.dll
 0002:00000248       __imp_FreeLibrary          000000018001c248     kernel32:KERNEL32.dll
 0002:00000250       __imp_LoadLibraryExW       000000018001c250     kernel32:KERNEL32.dll
 0002:00000258       __imp_EncodePointer        000000018001c258     kernel32:KERNEL32.dll
 0002:00000260       __imp_RtlUnwind            000000018001c260     kernel32:KERNEL32.dll
 0002:00000268       __imp_ExitProcess          000000018001c268     kernel32:KERNEL32.dll
 0002:00000270       __imp_WriteConsoleW        000000018001c270     kernel32:KERNEL32.dll
 0002:00000278       \177KERNEL32_NULL_THUNK_DATA 000000018001c278     kernel32:KERNEL32.dll
 0002:00000280       __imp_FindWindowA          000000018001c280     user32:USER32.dll
 0002:00000288       __imp_GetWindowThreadProcessId 000000018001c288     user32:USER32.dll
 0002:00000290       \177USER32_NULL_THUNK_DATA 000000018001c290     user32:USER32.dll
 0002:00000298       __imp_napi_get_value_int32 000000018001c298     iojs:node.dll
 0002:000002a0       __imp_napi_get_named_property 000000018001c2a0     iojs:node.dll
 0002:000002a8       __imp_napi_module_register 000000018001c2a8     iojs:node.dll
 0002:000002b0       __imp_napi_create_external 000000018001c2b0     iojs:node.dll
 0002:000002b8       __imp_napi_get_value_string_utf8 000000018001c2b8     iojs:node.dll
 0002:000002c0       __imp_napi_create_symbol   000000018001c2c0     iojs:node.dll
 0002:000002c8       __imp_napi_set_element     000000018001c2c8     iojs:node.dll
 0002:000002d0       __imp_napi_get_element     000000018001c2d0     iojs:node.dll
 0002:000002d8       __imp_napi_create_function 000000018001c2d8     iojs:node.dll
 0002:000002e0       __imp_napi_create_array_with_length 000000018001c2e0     iojs:node.dll
 0002:000002e8       __imp_napi_get_reference_value 000000018001c2e8     iojs:node.dll
 0002:000002f0       __imp_napi_create_buffer_copy 000000018001c2f0     iojs:node.dll
 0002:000002f8       __imp_napi_create_double   000000018001c2f8     iojs:node.dll
 0002:00000300       __imp_napi_close_handle_scope 000000018001c300     iojs:node.dll
 0002:00000308       __imp_napi_create_reference 000000018001c308     iojs:node.dll
 0002:00000310       __imp_napi_get_typedarray_info 000000018001c310     iojs:node.dll
 0002:00000318       __imp_napi_create_object   000000018001c318     iojs:node.dll
 0002:00000320       __imp_napi_set_property    000000018001c320     iojs:node.dll
 0002:00000328       __imp_napi_create_arraybuffer 000000018001c328     iojs:node.dll
 0002:00000330       __imp_napi_throw           000000018001c330     iojs:node.dll
 0002:00000338       __imp_napi_typeof          000000018001c338     iojs:node.dll
 0002:00000340       __imp_napi_define_properties 000000018001c340     iojs:node.dll
 0002:00000348       __imp_napi_set_named_property 000000018001c348     iojs:node.dll
 0002:00000350       __imp_napi_has_property    000000018001c350     iojs:node.dll
 0002:00000358       __imp_napi_create_string_utf8 000000018001c358     iojs:node.dll
 0002:00000360       __imp_napi_create_type_error 000000018001c360     iojs:node.dll
 0002:00000368       __imp_napi_get_property    000000018001c368     iojs:node.dll
 0002:00000370       __imp_napi_get_arraybuffer_info 000000018001c370     iojs:node.dll
 0002:00000378       __imp_napi_is_exception_pending 000000018001c378     iojs:node.dll
 0002:00000380       __imp_napi_fatal_error     000000018001c380     iojs:node.dll
 0002:00000388       __imp_napi_delete_reference 000000018001c388     iojs:node.dll
 0002:00000390       __imp_napi_create_error    000000018001c390     iojs:node.dll
 0002:00000398       __imp_napi_create_typedarray 000000018001c398     iojs:node.dll
 0002:000003a0       __imp_napi_get_last_error_info 000000018001c3a0     iojs:node.dll
 0002:000003a8       __imp_napi_get_boolean     000000018001c3a8     iojs:node.dll
 0002:000003b0       __imp_napi_open_handle_scope 000000018001c3b0     iojs:node.dll
 0002:000003b8       __imp_napi_get_undefined   000000018001c3b8     iojs:node.dll
 0002:000003c0       __imp_napi_get_array_length 000000018001c3c0     iojs:node.dll
 0002:000003c8       __imp_napi_get_cb_info     000000018001c3c8     iojs:node.dll
 0002:000003d0       __imp_napi_get_and_clear_last_exception 000000018001c3d0     iojs:node.dll
 0002:000003d8       \177node_NULL_THUNK_DATA   000000018001c3d8     iojs:node.dll
 0002:000003e0       __guard_check_icall_fptr   000000018001c3e0     LIBCMT:guard_support.obj
 0002:000003e8       __guard_xfg_check_icall_fptr 000000018001c3e8     LIBCMT:guard_support.obj
 0002:000003f0       __guard_dispatch_icall_fptr 000000018001c3f0     LIBCMT:guard_support.obj
 0002:000003f8       __guard_xfg_dispatch_icall_fptr 000000018001c3f8     LIBCMT:guard_support.obj
 0002:00000400       __guard_xfg_table_dispatch_icall_fptr 000000018001c400     LIBCMT:guard_support.obj
 0002:00000408       __castguard_check_failure_os_handled_fptr 000000018001c408     LIBCMT:guard_support.obj
 0002:00000410       __guard_memcpy_fptr        000000018001c410     libvcruntime:softmemtag.obj
 0002:00000418       __xc_a                     000000018001c418     LIBCMT:initializers.obj
 0002:00000430       _register_farsight_        000000018001c430     index.obj
 0002:00000438       __xc_z                     000000018001c438     LIBCMT:initializers.obj
 0002:00000440       __xi_a                     000000018001c440     LIBCMT:initializers.obj
 0002:00000450       __acrt_stdio_initializer   000000018001c450     libucrt:stdio_initializer.obj
 0002:00000458       __acrt_multibyte_initializer 000000018001c458     libucrt:multibyte_initializer.obj
 0002:00000460       __acrt_tran_fma3_initializer 000000018001c460     libucrt:fma3_initializer.obj
 0002:00000468       __xi_z                     000000018001c468     LIBCMT:initializers.obj
 0002:00000470       __xp_a                     000000018001c470     LIBCMT:initializers.obj
 0002:00000478       __acrt_locale_terminator   000000018001c478     libucrt:locale_initializer.obj
 0002:00000480       __dcrt_console_output_terminator 000000018001c480     libucrt:console_output_initializer.obj
 0002:00000488       __acrt_stdio_terminator    000000018001c488     libucrt:stdio_initializer.obj
 0002:00000490       __xp_z                     000000018001c490     LIBCMT:initializers.obj
 0002:00000498       __xt_a                     000000018001c498     LIBCMT:initializers.obj
 0002:000004a0       __xt_z                     000000018001c4a0     LIBCMT:initializers.obj
 0002:000004b0       __xmm@ffffffffffffffffffffffffffffffff 000000018001c4b0     LIBCMT:utility.obj
 0002:000004c8       ??_7type_info@@6B@         000000018001c4c8     LIBCMT:std_type_info_static.obj
 0002:000004d0       _pDefaultRawDllMain        000000018001c4d0     LIBCMT:dll_dllmain.obj
 0002:000004d0       _pRawDllMain               000000018001c4d0     LIBCMT:dll_dllmain.obj
 0002:000004f0       ??_7exception@std@@6B@     000000018001c4f0     LIBCMT:throw_bad_alloc.obj
 0002:00000500       ??_C@_0BC@EOODALEL@Unknown?5exception@ 000000018001c500     LIBCMT:throw_bad_alloc.obj
 0002:00000520       ??_7bad_alloc@std@@6B@     000000018001c520     LIBCMT:throw_bad_alloc.obj
 0002:00000530       ??_C@_0P@GHFPNOJB@bad?5allocation@ 000000018001c530     LIBCMT:throw_bad_alloc.obj
 0002:00000548       ??_7bad_array_new_length@std@@6B@ 000000018001c548     LIBCMT:throw_bad_alloc.obj
 0002:00000560       ??_7logic_error@std@@6B@   000000018001c560     libcpmt:xthrow.obj
 0002:00000578       ??_7length_error@std@@6B@  000000018001c578     libcpmt:xthrow.obj
 0002:00000590       ??_7runtime_error@std@@6B@ 000000018001c590     libcpmt:xthrow.obj
 0002:000005a0       ??_C@_1BK@MGMFAEKH@?$AAk?$AAe?$AAr?$AAn?$AAe?$AAl?$AA3?$AA2?$AA?4?$AAd?$AAl?$AAl@ 000000018001c5a0     libcpmt:winapisupp.obj
 0002:000005c0       ??_C@_0BE@JOGNEJCI@GetCurrentPackageId@ 000000018001c5c0     libcpmt:winapisupp.obj
 0002:000005d8       ??_C@_0BP@FPNJPEJC@GetSystemTimePreciseAsFileTime@ 000000018001c5d8     libcpmt:winapisupp.obj
 0002:000005f8       ??_C@_0O@NNMIPI@GetTempPath2W@ 000000018001c5f8     libcpmt:winapisupp.obj
 0002:00000608       _pDestructExceptionObject  000000018001c608     libvcruntime:ehhelpers.obj
 0002:00000d20       ??_C@_08EHJDFFNH@__based?$CI@ 000000018001cd20     libvcruntime:undname.obj
 0002:00000d30       ??_C@_07KOLFKCDI@__cdecl@  000000018001cd30     libvcruntime:undname.obj
 0002:00000d38       ??_C@_08GHMPAG@__pascal@   000000018001cd38     libvcruntime:undname.obj
 0002:00000d48       ??_C@_09IFJBGAPI@__stdcall@ 000000018001cd48     libvcruntime:undname.obj
 0002:00000d58       ??_C@_0L@NPHFGOKO@__thiscall@ 000000018001cd58     libvcruntime:undname.obj
 0002:00000d68       ??_C@_0L@JMKHOMEK@__fastcall@ 000000018001cd68     libvcruntime:undname.obj
 0002:00000d78       ??_C@_0N@BCKKPABJ@__vectorcall@ 000000018001cd78     libvcruntime:undname.obj
 0002:00000d88       ??_C@_09HIJEGCPM@__clrcall@ 000000018001cd88     libvcruntime:undname.obj
 0002:00000d94       ??_C@_06GHPCKEAG@__eabi@   000000018001cd94     libvcruntime:undname.obj
 0002:00000da0       ??_C@_09IOPIDJLG@__swift_1@ 000000018001cda0     libvcruntime:undname.obj
 0002:00000db0       ??_C@_09KFNFGKHF@__swift_2@ 000000018001cdb0     libvcruntime:undname.obj
 0002:00000dc0       ??_C@_09LMMOFLDE@__swift_3@ 000000018001cdc0     libvcruntime:undname.obj
 0002:00000dd0       ??_C@_07JOMMBBKO@__ptr64@  000000018001cdd0     libvcruntime:undname.obj
 0002:00000dd8       ??_C@_0L@PILCLIHE@__restrict@ 000000018001cdd8     libvcruntime:undname.obj
 0002:00000de8       ??_C@_0M@GFIIJFMG@__unaligned@ 000000018001cde8     libvcruntime:undname.obj
 0002:00000df8       ??_C@_09DHDLOLLB@restrict?$CI@ 000000018001cdf8     libvcruntime:undname.obj
 0002:00000e04       ??_C@_04NIHEBCM@?5new@     000000018001ce04     libvcruntime:undname.obj
 0002:00000e10       ??_C@_07FPCDHGMM@?5delete@ 000000018001ce10     libvcruntime:undname.obj
 0002:00000e18       ??_C@_01NEMOKFLO@?$DN@     000000018001ce18     libvcruntime:undname.obj
 0002:00000e1c       ??_C@_02GPIOPFAK@?$DO?$DO@ 000000018001ce1c     libvcruntime:undname.obj
 0002:00000e20       ??_C@_02FODMEDOG@?$DM?$DM@ 000000018001ce20     libvcruntime:undname.obj
 0002:00000e24       ??_C@_01DCLJPIOD@?$CB@     000000018001ce24     libvcruntime:undname.obj
 0002:00000e28       ??_C@_02EGOFBIJA@?$DN?$DN@ 000000018001ce28     libvcruntime:undname.obj
 0002:00000e2c       ??_C@_02FDNJECIE@?$CB?$DN@ 000000018001ce2c     libvcruntime:undname.obj
 0002:00000e30       ??_C@_02GPECMEKF@?$FL?$FN@ 000000018001ce30     libvcruntime:undname.obj
 0002:00000e38       ??_C@_08LHJFAFGD@operator@ 000000018001ce38     libvcruntime:undname.obj
 0002:00000e44       ??_C@_02HBOOOICD@?9?$DO@   000000018001ce44     libvcruntime:undname.obj
 0002:00000e48       ??_C@_01NBENCBCI@?$CK@     000000018001ce48     libvcruntime:undname.obj
 0002:00000e4c       ??_C@_02ECNGHCIF@?$CL?$CL@ 000000018001ce4c     libvcruntime:undname.obj
 0002:00000e50       ??_C@_02BAABKJLB@?9?9@     000000018001ce50     libvcruntime:undname.obj
 0002:00000e54       ??_C@_01JOAMLHOP@?9@       000000018001ce54     libvcruntime:undname.obj
 0002:00000e58       ??_C@_01MIFGBAGJ@?$CL@     000000018001ce58     libvcruntime:undname.obj
 0002:00000e5c       ??_C@_01HNPIGOCE@?$CG@     000000018001ce5c     libvcruntime:undname.obj
 0002:00000e60       ??_C@_03MNHNFDLC@?9?$DO?$CK@ 000000018001ce60     libvcruntime:undname.obj
 0002:00000e64       ??_C@_01KMDKNFGN@?1@       000000018001ce64     libvcruntime:undname.obj
 0002:00000e68       ??_C@_01FGNFDNOH@?$CF@     000000018001ce68     libvcruntime:undname.obj
 0002:00000e6c       ??_C@_01MNNFJEPP@?$DM@     000000018001ce6c     libvcruntime:undname.obj
 0002:00000e70       ??_C@_02EHCHHCKH@?$DM?$DN@ 000000018001ce70     libvcruntime:undname.obj
 0002:00000e74       ??_C@_01PPODPGHN@?$DO@     000000018001ce74     libvcruntime:undname.obj
 0002:00000e78       ??_C@_02EEKDKGMJ@?$DO?$DN@ 000000018001ce78     libvcruntime:undname.obj
 0002:00000e7c       ??_C@_01IHBHIGKO@?0@       000000018001ce7c     libvcruntime:undname.obj
 0002:00000e80       ??_C@_02HCKGKOFO@?$CI?$CJ@ 000000018001ce80     libvcruntime:undname.obj
 0002:00000e84       ??_C@_01PJKLJHI@?$HO@      000000018001ce84     libvcruntime:undname.obj
 0002:00000e88       ??_C@_01JKBOJNNK@?$FO@     000000018001ce88     libvcruntime:undname.obj
 0002:00000e8c       ??_C@_01DNKMNLPK@?$HM@     000000018001ce8c     libvcruntime:undname.obj
 0002:00000e90       ??_C@_02PPKAJPJL@?$CG?$CG@ 000000018001ce90     libvcruntime:undname.obj
 0002:00000e94       ??_C@_02NONPIBCD@?$HM?$HM@ 000000018001ce94     libvcruntime:undname.obj
 0002:00000e98       ??_C@_02FPIMKNGF@?$CK?$DN@ 000000018001ce98     libvcruntime:undname.obj
 0002:00000e9c       ??_C@_02FOEOMHFC@?$CL?$DN@ 000000018001ce9c     libvcruntime:undname.obj
 0002:00000ea0       ??_C@_02FKMDLLOA@?9?$DN@   000000018001cea0     libvcruntime:undname.obj
 0002:00000ea4       ??_C@_02FJEHGPIO@?1?$DN@   000000018001cea4     libvcruntime:undname.obj
 0002:00000ea8       ??_C@_02FENAOKFI@?$CF?$DN@ 000000018001cea8     libvcruntime:undname.obj
 0002:00000eac       ??_C@_03IKFCCPFF@?$DO?$DO?$DN@ 000000018001ceac     libvcruntime:undname.obj
 0002:00000eb0       ??_C@_03CDNPDDLA@?$DM?$DM?$DN@ 000000018001ceb0     libvcruntime:undname.obj
 0002:00000eb4       ??_C@_02FGJGFEAB@?$CG?$DN@ 000000018001ceb4     libvcruntime:undname.obj
 0002:00000eb8       ??_C@_02DHLNPPGH@?$HM?$DN@ 000000018001ceb8     libvcruntime:undname.obj
 0002:00000ebc       ??_C@_02MHEGNOJ@?$FO?$DN@  000000018001cebc     libvcruntime:undname.obj
 0002:00000ec0       ??_C@_09IFPLHPGF@?$GAvftable?8@ 000000018001cec0     libvcruntime:undname.obj
 0002:00000ed0       ??_C@_09BLBHBJP@?$GAvbtable?8@ 000000018001ced0     libvcruntime:undname.obj
 0002:00000ee0       ??_C@_07FEEIOKP@?$GAvcall?8@ 000000018001cee0     libvcruntime:undname.obj
 0002:00000ee8       ??_C@_08LLFFHHDJ@?$GAtypeof?8@ 000000018001cee8     libvcruntime:undname.obj
 0002:00000ef8       ??_C@_0BF@KDPPACIK@?$GAlocal?5static?5guard?8@ 000000018001cef8     libvcruntime:undname.obj
 0002:00000f10       ??_C@_08OBABFOLI@?$GAstring?8@ 000000018001cf10     libvcruntime:undname.obj
 0002:00000f20       ??_C@_0BD@JDLKDPAB@?$GAvbase?5destructor?8@ 000000018001cf20     libvcruntime:undname.obj
[...]
 0002:0000a068       $unwind$terminate          0000000180026068     libucrt:terminate.obj
 0002:0000a088       $xdatasym                  0000000180026088     libucrt:strncmp.obj
 0002:0000a08c       $unwind$_free_base         000000018002608c     libucrt:free_base.obj
 0002:0000a08c       $unwind$?destroy_fls@@YAXPEAX@Z 000000018002608c     libucrt:per_thread_data.obj
 0002:0000a08c       $unwind$__acrt_locale_free_numeric 000000018002608c     libucrt:initnum.obj
 0002:0000a08c       $unwind$__acrt_locale_free_lc_time_if_unreferenced 000000018002608c     libucrt:locale_refcounting.obj
 0002:0000a094       $unwind$?construct_ptd_array@@YAXQEAU__acrt_ptd@@@Z 0000000180026094     libucrt:per_thread_data.obj
 0002:0000a09c       $unwind$?destroy_ptd_array@@YAXQEAU__acrt_ptd@@@Z 000000018002609c     libucrt:per_thread_data.obj
 0002:0000a0a4       $unwind$??$?RV<lambda_0ae27a3a962d80f24befdcbee591983d>@@AEAV<lambda_8d0ee55de4b1038c4002e0adecdf1839>@@V<lambda_dc504788e8f1664fe9b84e20bfb512f2>@@@?$__crt_seh_guarded_call@X@@QEAAX$$QEAV<lambda_0ae27a3a962d80f24befdcbee591983d>@@AEAV<lambda_8d0ee55de4b1038c4002e0adecdf1839>@@$$QEAV<lambda_dc504788e8f1664fe9b84e20bfb512f2>@@@Z 00000001800260a4     libucrt:per_thread_data.obj
 0002:0000a0c8       $unwind$??$?RV<lambda_aa87e3671a710a21b5dc78c0bdf72e11>@@AEAV<lambda_92619d2358a28f41a33ba319515a20b9>@@V<lambda_6992ecaafeb10aed2b74cb1fae11a551>@@@?$__crt_seh_guarded_call@X@@QEAAX$$QEAV<lambda_aa87e3671a710a21b5dc78c0bdf72e11>@@AEAV<lambda_92619d2358a28f41a33ba319515a20b9>@@$$QEAV<lambda_6992ecaafeb10aed2b74cb1fae11a551>@@@Z 00000001800260c8     libucrt:per_thread_data.obj
 0002:0000a0ec       $unwind$??$?RV<lambda_f2e299630e499de9f9a165e60fcd3db5>@@AEAV<lambda_2ae9d31cdba2644fcbeaf08da7c24588>@@V<lambda_40d01ff24d0e7b3814fdbdcee8eab3c7>@@@?$__crt_seh_guarded_call@X@@QEAAX$$QEAV<lambda_f2e299630e499de9f9a165e60fcd3db5>@@AEAV<lambda_2ae9d31cdba2644fcbeaf08da7c24588>@@$$QEAV<lambda_40d01ff24d0e7b3814fdbdcee8eab3c7>@@@Z 00000001800260ec     libucrt:per_thread_data.obj
 0002:0000a110       $unwind$??$?RV<lambda_2d41944a1d46af3157314b8a01080d33>@@AEAV<lambda_8f455de75cd7d7f24b4096f044d8b9e6>@@V<lambda_aa500f224e6afead328df44964fe2772>@@@?$__crt_seh_guarded_call@X@@QEAAX$$QEAV<lambda_2d41944a1d46af3157314b8a01080d33>@@AEAV<lambda_8f455de75cd7d7f24b4096f044d8b9e6>@@$$QEAV<lambda_aa500f224e6afead328df44964fe2772>@@@Z 0000000180026110     libucrt:per_thread_data.obj
 0002:0000a134       $unwind$__acrt_uninitialize_locale 0000000180026134     libucrt:wsetlocale.obj
 0002:0000a134       $unwind$__acrt_get_sigabrt_handler 0000000180026134     libucrt:signal.obj
 0002:0000a13c       $unwind$??$?RV<lambda_410d79af7f07d98d83a3f525b3859a53>@@AEAV<lambda_3e16ef9562a7dcce91392c22ab16ea36>@@V<lambda_38119f0e861e05405d8a144b9b982f0a>@@@?$__crt_seh_guarded_call@X@@QEAAX$$QEAV<lambda_410d79af7f07d98d83a3f525b3859a53>@@AEAV<lambda_3e16ef9562a7dcce91392c22ab16ea36>@@$$QEAV<lambda_38119f0e861e05405d8a144b9b982f0a>@@@Z 000000018002613c     libucrt:wsetlocale.obj
 0002:0000a164       $unwind$__acrt_LCMapStringA 0000000180026164     libucrt:lcmapstringa.obj
 0002:0000a174       $unwind$?__acrt_LCMapStringA_stat@@YAHPEAU__crt_locale_pointers@@PEB_WKPEBDHPEADHHH@Z 0000000180026174     libucrt:lcmapstringa.obj
 0002:0000a19c       $unwind$__acrt_initialize_lowio 000000018002619c     libucrt:ioinit.obj
 0002:0000a1bc       $unwind$?initialize_inherited_file_handles_nolock@@YAXXZ 00000001800261bc     libucrt:ioinit.obj
 0002:0000a1d8       $unwind$??$common_expand_argv_wildcards@D@@YAHQEAPEADQEAPEAPEAD@Z 00000001800261d8     libucrt:argv_wildcards.obj
 0002:0000a1f0       $unwind$__dcrt_get_narrow_environment_from_os 00000001800261f0     libucrt:get_environment_from_os.obj
 0002:0000a1f0       $unwind$??$__acrt_convert_wcs_mbs_cp@_WDV<lambda_d8593a27d1aa8c02be35c86a17d324c4>@@U__crt_win32_buffer_internal_dynamic_resizing@@@@YAHQEB_WAEAV?$__crt_win32_buffer@DU__crt_win32_buffer_internal_dynamic_resizing@@@@AEBV<lambda_d8593a27d1aa8c02be35c86a17d324c4>@@I@Z 00000001800261f0     libucrt:argv_wildcards.obj
 0002:0000a208       $unwind$??$copy_and_add_argument_to_buffer@D@@YAHQEBD0_KAEAV?$argument_list@D@?A0x5f5c8891@@@Z 0000000180026208     libucrt:argv_wildcards.obj
 0002:0000a224       $unwind$??$expand_argument_wildcards@D@@YAHQEAD0AEAV?$argument_list@D@?A0x5f5c8891@@@Z 0000000180026224     libucrt:argv_wildcards.obj
 0002:0000a244       $unwind$__acrt_GetModuleFileNameA 0000000180026244     libucrt:getmodulefilenamea.obj
 0002:0000a260       $unwind$_setmbcp_nolock    0000000180026260     libucrt:mbctype.obj
 0002:0000a280       $unwind$__dcrt_lowio_ensure_console_output_initialized 0000000180026280     libucrt:initcon.obj
 0002:0000a280       $unwind$?__mbrtowc_utf8@__crt_mbstring@@YA_KPEA_WPEBD_KPEAU_Mbstatet@@AEAV__crt_cached_ptd_host@@@Z 0000000180026280     libucrt:mbrtowc.obj
 0002:0000a280       $unwind$?getSystemCP@@YAHH@Z 0000000180026280     libucrt:mbctype.obj
 0002:0000a288       $unwind$?update_thread_multibyte_data_internal@@YAPEAU__crt_multibyte_data@@QEAU__acrt_ptd@@QEAPEAU1@@Z 0000000180026288     libucrt:mbctype.obj
 0002:0000a2b0       $unwind$?setmbcp_internal@@YAHH_NQEAU__acrt_ptd@@QEAPEAU__crt_multibyte_data@@@Z 00000001800262b0     libucrt:mbctype.obj
 0002:0000a2c8       $unwind$?setSBUpLow@@YAXPEAU__crt_multibyte_data@@@Z 00000001800262c8     libucrt:mbctype.obj
 0002:0000a2e4       $unwind$??$?RV<lambda_efdfa57d1f175319df784efa44bb7b81>@@AEAV<lambda_5f0a4c1567f8adc6734073e5d1e1b35c>@@V<lambda_2e8a7d3640ea6ccb4c2413664c2db6fd>@@@?$__crt_seh_guarded_call@X@@QEAAX$$QEAV<lambda_efdfa57d1f175319df784efa44bb7b81>@@AEAV<lambda_5f0a4c1567f8adc6734073e5d1e1b35c>@@$$QEAV<lambda_2e8a7d3640ea6ccb4c2413664c2db6fd>@@@Z 00000001800262e4     libucrt:mbctype.obj
 0002:0000a308       $unwind$?x_ismbbtype_l@@YAHPEAU__crt_locale_pointers@@IHH@Z 0000000180026308     libucrt:ismbbyte.obj
 0002:0000a318       $unwind$__acrt_WideCharToMultiByte 0000000180026318     libucrt:widechartomultibyte.obj
 0002:0000a324       $unwind$__acrt_initialize_winapi_thunks 0000000180026324     libucrt:winapi_thunks.obj
 0002:0000a32c       $unwind$__acrt_LCMapStringEx 000000018002632c     libucrt:winapi_thunks.obj
 0002:0000a340       $unwind$raise              0000000180026340     libucrt:signal.obj
 0002:0000a37c       $unwind$??$?RV<lambda_450d765d439847d4c735a33c368b5fc0>@@AEAV<lambda_44731a7d0e6d81c3e6aa82d741081786>@@V<lambda_601a2a7da3b7a96e9554ac7215c4b07c>@@@?$__crt_seh_guarded_call@P6AXH@Z@@QEAAP6AXH@Z$$QEAV<lambda_450d765d439847d4c735a33c368b5fc0>@@AEAV<lambda_44731a7d0e6d81c3e6aa82d741081786>@@$$QEAV<lambda_601a2a7da3b7a96e9554ac7215c4b07c>@@@Z 000000018002637c     libucrt:signal.obj
 0002:0000a3a0       $unwind$fclose             00000001800263a0     libucrt:fclose.obj
 0002:0000a3a0       $unwind$_fflush_nolock     00000001800263a0     libucrt:fflush.obj
 0002:0000a3b0       $unwind$?common_flush_all@@YAH_N@Z 00000001800263b0     libucrt:fflush.obj
 0002:0000a3b8       $unwind$??$?RV<lambda_842d9ff0dc9ef11c61343bbaebe7f885>@@AEAV<lambda_c5860995281e5c4ce005b3de8f5874ee>@@V<lambda_d90129c13df834fdcbf8d2b88dafcf2d>@@@?$__crt_seh_guarded_call@X@@QEAAX$$QEAV<lambda_842d9ff0dc9ef11c61343bbaebe7f885>@@AEAV<lambda_c5860995281e5c4ce005b3de8f5874ee>@@$$QEAV<lambda_d90129c13df834fdcbf8d2b88dafcf2d>@@@Z 00000001800263b8     libucrt:fflush.obj
 0002:0000a3dc       $unwind$??$?RV<lambda_886d6c58226a84441f68b9f2b8217b83>@@AEAV<lambda_ab61a845afdef5b7c387490eaf3616ee>@@V<lambda_f7f22ab5edc0698d5f6905b0d3f44752>@@@?$__crt_seh_guarded_call@X@@QEAAX$$QEAV<lambda_886d6c58226a84441f68b9f2b8217b83>@@AEAV<lambda_ab61a845afdef5b7c387490eaf3616ee>@@$$QEAV<lambda_f7f22ab5edc0698d5f6905b0d3f44752>@@@Z 00000001800263dc     libucrt:fflush.obj
 0002:0000a404       $unwind$__acrt_update_thread_locale_data 0000000180026404     libucrt:locale_refcounting.obj
 0002:0000a428       $unwind$__acrt_locale_free_monetary 0000000180026428     libucrt:initmon.obj
 0002:0000a430       $unwind$__acrt_locale_free_time 0000000180026430     libucrt:inittime.obj
 0002:0000a440       $unwind$__acrt_GetStringTypeA 0000000180026440     libucrt:getstringtypea.obj
 0002:0000a468       $unwind$?__mbsrtowcs_utf8@__crt_mbstring@@YA_KPEA_WPEAPEBD_KPEAU_Mbstatet@@AEAV__crt_cached_ptd_host@@@Z 0000000180026468     libucrt:mbrtowc.obj
 0002:0000a480       $unwind$_fcloseall         0000000180026480     libucrt:closeall.obj
 0002:0000a4a4       $unwind$__acrt_lowio_destroy_handle_array 00000001800264a4     libucrt:osfinfo.obj
 0002:0000a4b4       $unwind$__acrt_lowio_ensure_fh_exists 00000001800264b4     libucrt:osfinfo.obj
 0002:0000a4e0       $unwind$qsort              00000001800264e0     libucrt:qsort.obj
 0002:0000a4f8       $chain$4$qsort             00000001800264f8     libucrt:qsort.obj
 0002:0000a51c       $chain$5$qsort             000000018002651c     libucrt:qsort.obj
 0002:0000a52c       $unwind$strpbrk            000000018002652c     libucrt:strpbrk.obj
 0002:0000a53c       $unwind$fallbackMethod     000000018002653c     libucrt:strpbrk.obj
 0002:0000a54c       $unwind$_mbsdec_l          000000018002654c     libucrt:mbsdec.obj
 0002:0000a558       $unwind$_commit            0000000180026558     libucrt:commit.obj
 0002:0000a560       $unwind$??$?RV<lambda_a37b2b86f63e897a80ea819b0eb08c01>@@AEAV<lambda_38ce7e780aa69e748d6df282ebc68efe>@@V<lambda_99fb1378e971ab6e7edea83e3a7a83a2>@@@?$__crt_seh_guarded_call@H@@QEAAH$$QEAV<lambda_a37b2b86f63e897a80ea819b0eb08c01>@@AEAV<lambda_38ce7e780aa69e748d6df282ebc68efe>@@$$QEAV<lambda_99fb1378e971ab6e7edea83e3a7a83a2>@@@Z 0000000180026560     libucrt:commit.obj
 0002:0000a584       $unwind$_write_nolock      0000000180026584     libucrt:write.obj
 0002:0000a59c       $unwind$_write_internal    000000018002659c     libucrt:write.obj
 0002:0000a5cc       $unwind$?write_double_translated_ansi_nolock@@YA?AUwrite_result@?A0x17268360@@HQEBDIAEAV__crt_cached_ptd_host@@@Z 00000001800265cc     libucrt:write.obj
 0002:0000a5f8       $ip2state$?write_double_translated_ansi_nolock@@YA?AUwrite_result@?A0x17268360@@HQEBDIAEAV__crt_cached_ptd_host@@@Z 00000001800265f8     libucrt:write.obj
 0002:0000a600       $unwind$?write_text_ansi_nolock@@YA?AUwrite_result@?A0x17268360@@HQEBDI@Z 0000000180026600     libucrt:write.obj
 0002:0000a600       $unwind$?write_text_utf16le_nolock@@YA?AUwrite_result@?A0x17268360@@HQEBDI@Z 0000000180026600     libucrt:write.obj
 0002:0000a620       $unwind$?write_text_utf8_nolock@@YA?AUwrite_result@?A0x17268360@@HQEBDI@Z 0000000180026620     libucrt:write.obj
 0002:0000a648       $xdatasym                  0000000180026648     libucrt:log10.obj
 0002:0000a654       $unwind$?__mbrtoc32_utf8@__crt_mbstring@@YA_KPEA_UPEBD_KPEAU_Mbstatet@@AEAV__crt_cached_ptd_host@@@Z 0000000180026654     libucrt:mbrtoc32.obj
 0002:0000a670       $unwind$?_fclose_nolock_internal@@YAHQEAU_iobuf@@AEAV__crt_cached_ptd_host@@@Z 0000000180026670     libucrt:fclose.obj
 0002:0000a680       $unwind$?_fclose_internal@@YAHQEAU_iobuf@@AEAV__crt_cached_ptd_host@@@Z 0000000180026680     libucrt:fclose.obj
 0002:0000a6a4       $unwind$_putwch_nolock     00000001800266a4     libucrt:putwch.obj
 0002:0000a6ac       $unwind$_call_matherr      00000001800266ac     libucrt:libm_error.obj
 0002:0000a6b4       $unwind$_handle_error      00000001800266b4     libucrt:libm_error.obj
 0002:0000a6d4       $unwind$__acrt_initialize_fma3 00000001800266d4     libucrt:fma3_available.obj
 0002:0000a6dc       $unwind$_log_special_common 00000001800266dc     libucrt:log_special.obj
 0002:0000a6e8       $unwind$_close_internal    00000001800266e8     libucrt:close.obj
 0002:0000a6f0       $unwind$??$?RV<lambda_ad8af0d99a0adf03d037d7dffe354bb5>@@AEAV<lambda_c9ba49e555ba839a7b07aa3fbecb7617>@@V<lambda_2f1ebd5d68526518146ae959c9e734c8>@@@?$__crt_seh_guarded_call@H@@QEAAH$$QEAV<lambda_ad8af0d99a0adf03d037d7dffe354bb5>@@AEAV<lambda_c9ba49e555ba839a7b07aa3fbecb7617>@@$$QEAV<lambda_2f1ebd5d68526518146ae959c9e734c8>@@@Z 00000001800266f0     libucrt:close.obj
 0002:0000a718       $xdatasym                  0000000180026718     libucrt:fpsr.obj
 0002:0000a720       $unwind$_raise_exc_ex      0000000180026720     libucrt:fpexcept.obj
 0002:0000a734       $unwind$_ctrlfp            0000000180026734     libucrt:fpctrl.obj
 0002:0000a75c       $unwind$__GSHandlerCheckCommon 000000018002675c     LIBCMT:gshandler.obj
 0002:0000a764       $unwind$_IsNonwritableInCurrentImage 0000000180026764     LIBCMT:pesect.obj
 0002:0000a788       $xdatasym                  0000000180026788     LIBCMT:chkstk.obj
 0002:0000a790       $xdatasym                  0000000180026790     libvcruntime:memcmp.obj
 0002:0000a798       $xdatasym                  0000000180026798     libvcruntime:memchr.obj
 0002:0000aa40       .edata                     0000000180026a40     farsight.exp
 0002:0000aa68       rgpv                       0000000180026a68     farsight.exp
 0002:0000aa6c       rgszName                   0000000180026a6c     farsight.exp
 0002:0000aa70       rgwOrd                     0000000180026a70     farsight.exp
 0002:0000aa72       szName                     0000000180026a72     farsight.exp
 0002:0000aa80       $N00001                    0000000180026a80     farsight.exp
 0002:0000af48       .idata$6                   0000000180026f48     kernel32:KERNEL32.dll
 0002:0000af80       .idata$6                   0000000180026f80     user32:USER32.dll
 0002:0000b34e       .idata$6                   000000018002734e     iojs:node.dll
 0003:00000030       ?__vcrt_flsindex@@3KA      0000000180028030     libvcruntime:per_thread_data.obj
 0003:00000050       ?errno_no_memory@@3HA      0000000180028050     libucrt:errno.obj
 0003:00000054       ?doserrno_no_memory@@3KA   0000000180028054     libucrt:errno.obj
 0003:00000058       ?__acrt_flsindex@@3KA      0000000180028058     libucrt:per_thread_data.obj
 0003:00000510       _mbctypes                  0000000180028510     libucrt:mbctype.obj
 0003:00000620       _mbcasemaps                0000000180028620     libucrt:mbctype.obj
 0003:00000720       ?__rgctypeflag@@3PADA      0000000180028720     libucrt:mbctype.obj
 0003:00000730       ?__rgcode_page_info@@3PAUcode_page_info@@A 0000000180028730     libucrt:mbctype.obj
 0003:000009d0       ?__dcrt_lowio_console_output_handle@@3PEAXEA 00000001800289d0     libucrt:initcon.obj
 0003:000009e0       ?dazSupported@?1??_ctrlfp@@9@9 00000001800289e0     libucrt:fpctrl.obj
 0003:000009f0       _module                    00000001800289f0     index.obj
 0003:00000be0       ?is_initialized_as_dll@@3_NA 0000000180028be0     LIBCMT:utility.obj
 0003:00000be1       ?module_local_atexit_table_initialized@@3_NA 0000000180028be1     LIBCMT:utility.obj
 0003:00000be8       ?module_local_atexit_table@@3U_onexit_table_t@@A 0000000180028be8     LIBCMT:utility.obj
 0003:00000c00       ?module_local_at_quick_exit_table@@3U_onexit_table_t@@A 0000000180028c00     LIBCMT:utility.obj
 0003:00000c18       ?__proc_attached@@3HA      0000000180028c18     LIBCMT:dll_dllmain.obj
 0003:00000c20       GS_ExceptionRecord         0000000180028c20     LIBCMT:gs_report.obj
 0003:00000cc0       GS_ContextRecord           0000000180028cc0     LIBCMT:gs_report.obj
 0003:000011c0       ?freq_cached@?1??_Query_perf_frequency@@9@4U?$atomic@_J@std@@A 00000001800291c0     libcpmt:xtime.obj
 0003:000011c8       ?__KERNEL32Functions@?A0x995b63b9@@3PAPEAXA 00000001800291c8     libcpmt:winapisupp.obj
 0003:000011f0       ?__vcrt_startup_thread_ptd@@3U__vcrt_ptd@@A 00000001800291f0     libvcruntime:per_thread_data.obj
 0003:00001270       __vcrt_lock_table          0000000180029270     libvcruntime:locks.obj
 0003:00001298       __vcrt_locks_initialized   0000000180029298     libvcruntime:locks.obj
 0003:000012e0       ?heap@@3V_HeapManager@@A   00000001800292e0     libvcruntime:undname.obj
 0003:00001308       ?module_handles@@3PAPEAUHINSTANCE__@@A 0000000180029308     libvcruntime:winapi_downlevel.obj
 0003:00001320       ?function_pointers@@3PAPEAXA 0000000180029320     libvcruntime:winapi_downlevel.obj
 0003:00001348       ?__acrt_invalid_parameter_handler@@3V?$dual_state_global@P6AXPEB_W00I_K@Z@__crt_state_management@@A 0000000180029348     libucrt:invalid_parameter.obj
 0003:00001350       ?__acrt_new_handler@@3V?$dual_state_global@P6AH_K@Z@__crt_state_management@@A 0000000180029350     libucrt:new_handler.obj
 0003:00001358       ?c_termination_complete@@3JA 0000000180029358     libucrt:exit.obj
 0003:00001360       ?thread_local_exit_callback_func@@3P6AXPEAXK0@ZEA 0000000180029360     libucrt:exit.obj
 0003:00001370       ?program_name@?1???$common_configure_argv@D@@YAHW4_crt_argv_mode@@@Z@4PADA 0000000180029370     libucrt:argv_parsing.obj
 0003:000014d8       ?internal_state@?1??_mbtowc_internal@@9@4U_Mbstatet@@A 00000001800294d8     libucrt:mbtowc.obj
 0003:00001910       ?__acrt_lock_table@@3PAU_RTL_CRITICAL_SECTION@@A 0000000180029910     libucrt:locks.obj
 0003:00001b40       ?__acrt_locks_initialized@@3IA 0000000180029b40     libucrt:locks.obj
 0003:00001b60       ?fSystemSet@@3HA           0000000180029b60     libucrt:mbctype.obj
 0003:00001b64       ?initialized@?1??__acrt_initialize_multibyte@@9@4_NA 0000000180029b64     libucrt:mbctype.obj
 0003:00001ba0       ?module_handles@@3PAPEAUHINSTANCE__@@A 0000000180029ba0     libucrt:winapi_thunks.obj
 0003:00001c40       ?encoded_function_pointers@@3PAPEAXA 0000000180029c40     libucrt:winapi_thunks.obj
 0003:00001d38       ?ctrlc_action@@3V?$dual_state_global@P6AXH@Z@__crt_state_management@@A 0000000180029d38     libucrt:signal.obj
 0003:00001d40       ?ctrlbreak_action@@3V?$dual_state_global@P6AXH@Z@__crt_state_management@@A 0000000180029d40     libucrt:signal.obj
 0003:00001d48       ?abort_action@@3V?$dual_state_global@P6AXH@Z@__crt_state_management@@A 0000000180029d48     libucrt:signal.obj
 0003:00001d50       ?term_action@@3V?$dual_state_global@P6AXH@Z@__crt_state_management@@A 0000000180029d50     libucrt:signal.obj
 0003:00001d58       ?user_matherr@@3V?$dual_state_global@P6AHPEAU_exception@@@Z@__crt_state_management@@A 0000000180029d58     libucrt:matherr.obj
 0003:00001d68       ?__acrt_global_new_mode@@3V?$dual_state_global@J@__crt_state_management@@A 0000000180029d68     libucrt:new_mode.obj
 0003:00001d70       ?internal_pst@?1??__mbrtoc32_utf8@__crt_mbstring@@YA_KPEA_UPEBD_KPEAU_Mbstatet@@AEAV__crt_cached_ptd_host@@@Z@4U3@A 0000000180029d70     libucrt:mbrtoc32.obj
 0003:00001d78       ?__acrt_app_type@@3W4_crt_app_type@@A 0000000180029d78     libucrt:report_runtime_error.obj
 0003:00005440       ?pointerArray@?1??ReadObjects@Farsight@@AEAAXAEAUSnapshot@@@Z@4PAHA 000000018002d440     Farsight.obj
 0003:00006440       ?buff@?1??ReadObjects@Farsight@@AEAAXAEAUSnapshot@@@Z@4PADA 000000018002e440     Farsight.obj
 0005:00000000       SetSmall                   0000000180031000     libvcruntime:memset.obj
 0005:00000040       SetSmallYmm                0000000180031040     libvcruntime:memset.obj
 0005:00000064       SetSmallYmmNT              0000000180031064     libvcruntime:memset.obj
 0005:00000088       SetSmallXmm                0000000180031088     libvcruntime:memset.obj
 0005:000000b0       MoveSmall                  00000001800310b0     libvcruntime:memcpy.obj
 0005:000000f0       MoveSmallYmm               00000001800310f0     libvcruntime:memcpy.obj
 0005:00000114       MoveSmallYmmNT             0000000180031114     libvcruntime:memcpy.obj
 0005:00000138       MoveSmallXmm               0000000180031138     libvcruntime:memcpy.obj
 0006:00000060       $R000000                   0000000180032060     * linker generated manifest res *

 Exports

  ordinal    name

        1    _register_farsight_
